Component: Arm Compiler for Embedded 6.19 Tool: armlink [5e73cb00]

==============================================================================

Section Cross References

    main.o(.text.main) refers to sysclock.o(.text.System_Clock_Init) for System_Clock_Init
    main.o(.text.main) refers to spi.o(.text.SPI1_GPIO_Init) for SPI1_GPIO_Init
    main.o(.text.main) refers to spi.o(.text.SPI1_Init) for SPI1_Init
    main.o(.text.main) refers to spi.o(.text.SPI2_Init) for SPI2_Init
    main.o(.text.main) refers to my_ili9341.o(.text.ILI9341_Init) for ILI9341_Init
    main.o(.text.main) refers to my_ili9341.o(.text.ILI9341_setRotation) for ILI9341_setRotation
    main.o(.text.main) refers to my_ili9341.o(.text.ILI9341_Fill) for ILI9341_Fill
    main.o(.text.main) refers to main.o(.text.draw_keypad) for draw_keypad
    main.o(.text.main) refers to main.o(.bss.state) for state
    main.o(.ARM.exidx.text.main) refers to main.o(.text.main) for [Anonymous Symbol]
    main.o(.text.draw_keypad) refers to my_ili9341.o(.text.ILI9341_fillCircle) for ILI9341_fillCircle
    main.o(.text.draw_keypad) refers to my_ili9341.o(.text.ILI9341_drawChar) for ILI9341_drawChar
    main.o(.ARM.exidx.text.draw_keypad) refers to main.o(.text.draw_keypad) for [Anonymous Symbol]
    startup_stm32l476xx.o(STACK) refers (Special) to heapauxi.o(.text) for __use_two_region_memory
    startup_stm32l476xx.o(HEAP) refers (Special) to heapauxi.o(.text) for __use_two_region_memory
    startup_stm32l476xx.o(RESET) refers (Special) to heapauxi.o(.text) for __use_two_region_memory
    startup_stm32l476xx.o(RESET) refers to startup_stm32l476xx.o(STACK) for __initial_sp
    startup_stm32l476xx.o(RESET) refers to startup_stm32l476xx.o(.text) for Reset_Handler
    startup_stm32l476xx.o(RESET) refers to systimer.o(.text.SysTick_Handler) for SysTick_Handler
    startup_stm32l476xx.o(.text) refers (Special) to heapauxi.o(.text) for __use_two_region_memory
    startup_stm32l476xx.o(.text) refers to __main.o(!!!main) for __main
    startup_stm32l476xx.o(.text) refers to startup_stm32l476xx.o(HEAP) for Heap_Mem
    startup_stm32l476xx.o(.text) refers to startup_stm32l476xx.o(STACK) for Stack_Mem
    motor.o(.ARM.exidx.text.Motor_GPIO_Init) refers to motor.o(.text.Motor_GPIO_Init) for [Anonymous Symbol]
    motor.o(.ARM.exidx.text.Motor_delay) refers to motor.o(.text.Motor_delay) for [Anonymous Symbol]
    motor.o(.ARM.exidx.text.Power_North) refers to motor.o(.text.Power_North) for [Anonymous Symbol]
    motor.o(.ARM.exidx.text.Power_South) refers to motor.o(.text.Power_South) for [Anonymous Symbol]
    motor.o(.ARM.exidx.text.Power_East) refers to motor.o(.text.Power_East) for [Anonymous Symbol]
    motor.o(.ARM.exidx.text.Power_West) refers to motor.o(.text.Power_West) for [Anonymous Symbol]
    motor.o(.ARM.exidx.text.Depower_Horizontal) refers to motor.o(.text.Depower_Horizontal) for [Anonymous Symbol]
    motor.o(.ARM.exidx.text.Depower_Vertical) refers to motor.o(.text.Depower_Vertical) for [Anonymous Symbol]
    motor.o(.text.Full_Stepping_Clockwise) refers to motor.o(.text.Depower_Horizontal) for Depower_Horizontal
    motor.o(.text.Full_Stepping_Clockwise) refers to motor.o(.text.Power_North) for Power_North
    motor.o(.text.Full_Stepping_Clockwise) refers to motor.o(.text.Motor_delay) for Motor_delay
    motor.o(.text.Full_Stepping_Clockwise) refers to motor.o(.text.Depower_Vertical) for Depower_Vertical
    motor.o(.text.Full_Stepping_Clockwise) refers to motor.o(.text.Power_East) for Power_East
    motor.o(.text.Full_Stepping_Clockwise) refers to motor.o(.text.Power_South) for Power_South
    motor.o(.text.Full_Stepping_Clockwise) refers to motor.o(.text.Power_West) for Power_West
    motor.o(.ARM.exidx.text.Full_Stepping_Clockwise) refers to motor.o(.text.Full_Stepping_Clockwise) for [Anonymous Symbol]
    motor.o(.text.Full_Stepping_CounterClockwise) refers to motor.o(.text.Depower_Horizontal) for Depower_Horizontal
    motor.o(.text.Full_Stepping_CounterClockwise) refers to motor.o(.text.Power_North) for Power_North
    motor.o(.text.Full_Stepping_CounterClockwise) refers to motor.o(.text.Motor_delay) for Motor_delay
    motor.o(.text.Full_Stepping_CounterClockwise) refers to motor.o(.text.Depower_Vertical) for Depower_Vertical
    motor.o(.text.Full_Stepping_CounterClockwise) refers to motor.o(.text.Power_West) for Power_West
    motor.o(.text.Full_Stepping_CounterClockwise) refers to motor.o(.text.Power_South) for Power_South
    motor.o(.text.Full_Stepping_CounterClockwise) refers to motor.o(.text.Power_East) for Power_East
    motor.o(.ARM.exidx.text.Full_Stepping_CounterClockwise) refers to motor.o(.text.Full_Stepping_CounterClockwise) for [Anonymous Symbol]
    motor.o(.text.Half_Stepping_Clockwise) refers to motor.o(.text.Depower_Horizontal) for Depower_Horizontal
    motor.o(.text.Half_Stepping_Clockwise) refers to motor.o(.text.Power_North) for Power_North
[...]
    my_ili9341.o(.ARM.exidx.text.ILI9341_drawLine) refers to my_ili9341.o(.text.ILI9341_drawLine) for [Anonymous Symbol]
    my_ili9341.o(.text.ILI9341_drawFastHLine) refers to my_ili9341.o(.text.ILI9341_drawLine) for ILI9341_drawLine
    my_ili9341.o(.ARM.exidx.text.ILI9341_drawFastHLine) refers to my_ili9341.o(.text.ILI9341_drawFastHLine) for [Anonymous Symbol]
    my_ili9341.o(.text.ILI9341_drawTriangle) refers to my_ili9341.o(.text.ILI9341_drawLine) for ILI9341_drawLine
    my_ili9341.o(.ARM.exidx.text.ILI9341_drawTriangle) refers to my_ili9341.o(.text.ILI9341_drawTriangle) for [Anonymous Symbol]
    my_ili9341.o(.text.ILI9341_fillTriangle) refers to my_ili9341.o(.text.ILI9341_drawFastHLine) for ILI9341_drawFastHLine
    my_ili9341.o(.ARM.exidx.text.ILI9341_fillTriangle) refers to my_ili9341.o(.text.ILI9341_fillTriangle) for [Anonymous Symbol]
    my_ili9341.o(.text.ILI9341_drawChar) refers to my_ili9341.o(.data.rotationNum) for rotationNum
    my_ili9341.o(.text.ILI9341_drawChar) refers to my_ili9341.o(.bss._cp437) for _cp437
    my_ili9341.o(.text.ILI9341_drawChar) refers to my_ili9341.o(.rodata.font1) for font1
    my_ili9341.o(.text.ILI9341_drawChar) refers to my_ili9341.o(.text.ILI9341_DrawPixel) for ILI9341_DrawPixel
    my_ili9341.o(.text.ILI9341_drawChar) refers to my_ili9341.o(.text.ILI9341_Fill_Rect) for ILI9341_Fill_Rect
    my_ili9341.o(.ARM.exidx.text.ILI9341_drawChar) refers to my_ili9341.o(.text.ILI9341_drawChar) for [Anonymous Symbol]
    my_ili9341.o(.text.ILI9341_printText) refers to my_ili9341.o(.text.ILI9341_drawChar) for ILI9341_drawChar
    my_ili9341.o(.ARM.exidx.text.ILI9341_printText) refers to my_ili9341.o(.text.ILI9341_printText) for [Anonymous Symbol]
    my_ili9341.o(.text.ILI9341_printImage) refers to my_ili9341.o(.text.ILI9341_SetCursorPosition) for ILI9341_SetCursorPosition
    my_ili9341.o(.text.ILI9341_printImage) refers to my_ili9341.o(.text.ILI9341_SendData) for ILI9341_SendData
    my_ili9341.o(.ARM.exidx.text.ILI9341_printImage) refers to my_ili9341.o(.text.ILI9341_printImage) for [Anonymous Symbol]
    my_ili9341.o(.text.ILI9341_setRotation) refers to my_ili9341.o(.data.rotationNum) for rotationNum
    my_ili9341.o(.text.ILI9341_setRotation) refers to my_ili9341.o(.text.ILI9341_SendCommand) for ILI9341_SendCommand
    my_ili9341.o(.text.ILI9341_setRotation) refers to my_ili9341.o(.text.ILI9341_SendData) for ILI9341_SendData
    my_ili9341.o(.ARM.exidx.text.ILI9341_setRotation) refers to my_ili9341.o(.text.ILI9341_setRotation) for [Anonymous Symbol]
    my_ili9341.o(.text.ILI9341_getRotation) refers to my_ili9341.o(.data.rotationNum) for rotationNum
    my_ili9341.o(.ARM.exidx.text.ILI9341_getRotation) refers to my_ili9341.o(.text.ILI9341_getRotation) for [Anonymous Symbol]
    systimer.o(.text.SysTick_Init) refers to systimer.o(.text.__NVIC_SetPriority) for __NVIC_SetPriority
    systimer.o(.text.SysTick_Init) refers to systimer.o(.text.__NVIC_EnableIRQ) for __NVIC_EnableIRQ
    systimer.o(.ARM.exidx.text.SysTick_Init) refers to systimer.o(.text.SysTick_Init) for [Anonymous Symbol]
    systimer.o(.ARM.exidx.text.__NVIC_SetPriority) refers to systimer.o(.text.__NVIC_SetPriority) for [Anonymous Symbol]
    systimer.o(.ARM.exidx.text.__NVIC_EnableIRQ) refers to systimer.o(.text.__NVIC_EnableIRQ) for [Anonymous Symbol]
    systimer.o(.text.SysTick_Handler) refers to systimer.o(.bss.msTicks) for msTicks
    systimer.o(.ARM.exidx.text.SysTick_Handler) refers to systimer.o(.text.SysTick_Handler) for [Anonymous Symbol]
    systimer.o(.text.delay) refers to systimer.o(.bss.msTicks) for msTicks
    systimer.o(.ARM.exidx.text.delay) refers to systimer.o(.text.delay) for [Anonymous Symbol]
    uart.o(.ARM.exidx.text.UART1_Init) refers to uart.o(.text.UART1_Init) for [Anonymous Symbol]
    uart.o(.ARM.exidx.text.UART1_GPIO_Init) refers to uart.o(.text.UART1_GPIO_Init) for [Anonymous Symbol]
    uart.o(.ARM.exidx.text.USART_Init) refers to uart.o(.text.USART_Init) for [Anonymous Symbol]
    uart.o(.text.USART_Write) refers to uart.o(.text.USART_Delay) for USART_Delay
    uart.o(.ARM.exidx.text.USART_Write) refers to uart.o(.text.USART_Write) for [Anonymous Symbol]
    uart.o(.ARM.exidx.text.USART_Delay) refers to uart.o(.text.USART_Delay) for [Anonymous Symbol]
    uart.o(.ARM.exidx.text.USART_Read) refers to uart.o(.text.USART_Read) for [Anonymous Symbol]
    uart.o(.ARM.exidx.text.USART_IRQHandler) refers to uart.o(.text.USART_IRQHandler) for [Anonymous Symbol]
    sysclock.o(.ARM.exidx.text.System_Clock_Init) refers to sysclock.o(.text.System_Clock_Init) for [Anonymous Symbol]
    fingerprint.o(.ARM.exidx.text.GPIO_Init_Fingerprint) refers to fingerprint.o(.text.GPIO_Init_Fingerprint) for [Anonymous Symbol]
    fingerprint.o(.text.TxByte) refers to uart.o(.text.USART_Write) for USART_Write
    fingerprint.o(.ARM.exidx.text.TxByte) refers to fingerprint.o(.text.TxByte) for [Anonymous Symbol]
    fingerprint.o(.text.TxAndRxCmd) refers to fingerprint.o(.text.TxByte) for TxByte
    fingerprint.o(.text.TxAndRxCmd) refers to fingerprint.o(.bss.finger_TxBuf) for finger_TxBuf
    fingerprint.o(.ARM.exidx.text.TxAndRxCmd) refers to fingerprint.o(.text.TxAndRxCmd) for [Anonymous Symbol]
    tsc2046.o(.text.SPI_Receive) refers to spi.o(.text.SPI_Read) for SPI_Read
    tsc2046.o(.ARM.exidx.text.SPI_Receive) refers to tsc2046.o(.text.SPI_Receive) for [Anonymous Symbol]
    tsc2046.o(.text.TSC2046_SendCommand) refers to tsc2046.o(.bss.tsCS_PIN) for tsCS_PIN
    tsc2046.o(.text.TSC2046_SendCommand) refers to tsc2046.o(.bss.tsCS_GPIO) for tsCS_GPIO
    tsc2046.o(.text.TSC2046_SendCommand) refers to tsc2046.o(.bss.tsSPIhandle) for tsSPIhandle
    tsc2046.o(.text.TSC2046_SendCommand) refers to my_ili9341.o(.text.SPI_Transmit) for SPI_Transmit
    tsc2046.o(.text.TSC2046_SendCommand) refers to spi.o(.text.SPI_Delay) for SPI_Delay
    tsc2046.o(.ARM.exidx.text.TSC2046_SendCommand) refers to tsc2046.o(.text.TSC2046_SendCommand) for [Anonymous Symbol]
    tsc2046.o(.text.TSC2046_Calibrate) refers to tsc2046.o(.text.TSC2046_TL_point) for TSC2046_TL_point
    tsc2046.o(.text.TSC2046_Calibrate) refers to tsc2046.o(.bss.myTS_Calibrate) for myTS_Calibrate
    tsc2046.o(.text.TSC2046_Calibrate) refers to tsc2046.o(.text.TSC2046_getRaw_Z) for TSC2046_getRaw_Z
    tsc2046.o(.text.TSC2046_Calibrate) refers to tsc2046.o(.text.TSC2046_GetRawTouch) for TSC2046_GetRawTouch
    tsc2046.o(.text.TSC2046_Calibrate) refers to spi.o(.text.SPI_Delay) for SPI_Delay
    tsc2046.o(.text.TSC2046_Calibrate) refers to tsc2046.o(.text.TSC2046_BR_point) for TSC2046_BR_point
    tsc2046.o(.text.TSC2046_Calibrate) refers to dflt_clz.o(x$fpl$dfltu) for __aeabi_ui2d
    tsc2046.o(.text.TSC2046_Calibrate) refers to dmul.o(x$fpl$dmul) for __aeabi_dmul
    tsc2046.o(.text.TSC2046_Calibrate) refers to dfix.o(x$fpl$dfix) for __aeabi_d2iz
    tsc2046.o(.ARM.exidx.text.TSC2046_Calibrate) refers to tsc2046.o(.text.TSC2046_Calibrate) for [Anonymous Symbol]
    tsc2046.o(.text.TSC2046_TL_point) refers to my_ili9341.o(.text.ILI9341_fillCircle) for ILI9341_fillCircle
    tsc2046.o(.text.TSC2046_TL_point) refers to tsc2046.o(.rodata.str1.1) for .L.str
    tsc2046.o(.text.TSC2046_TL_point) refers to my_ili9341.o(.text.ILI9341_printText) for ILI9341_printText
    tsc2046.o(.ARM.exidx.text.TSC2046_TL_point) refers to tsc2046.o(.text.TSC2046_TL_point) for [Anonymous Symbol]
    tsc2046.o(.text.TSC2046_getRaw_Z) refers to tsc2046.o(.data.CMD_Default) for CMD_Default
    tsc2046.o(.text.TSC2046_getRaw_Z) refers to tsc2046.o(.text.TSC2046_SendCommand) for TSC2046_SendCommand
    tsc2046.o(.ARM.exidx.text.TSC2046_getRaw_Z) refers to tsc2046.o(.text.TSC2046_getRaw_Z) for [Anonymous Symbol]
    tsc2046.o(.text.TSC2046_GetRawTouch) refers to tsc2046.o(.bss.ScreenOrientation) for ScreenOrientation
    tsc2046.o(.text.TSC2046_GetRawTouch) refers to tsc2046.o(.text.TSC2046_getRaw_X) for TSC2046_getRaw_X
    tsc2046.o(.text.TSC2046_GetRawTouch) refers to tsc2046.o(.bss.localRawTouch) for localRawTouch
    tsc2046.o(.text.TSC2046_GetRawTouch) refers to tsc2046.o(.text.TSC2046_getRaw_Y) for TSC2046_getRaw_Y
    tsc2046.o(.text.TSC2046_GetRawTouch) refers to tsc2046.o(.bss.myTS_Calibrate) for myTS_Calibrate
    tsc2046.o(.ARM.exidx.text.TSC2046_GetRawTouch) refers to tsc2046.o(.text.TSC2046_GetRawTouch) for [Anonymous Symbol]
    tsc2046.o(.text.TSC2046_BR_point) refers to tsc2046.o(.bss.myTS_Calibrate) for myTS_Calibrate
    tsc2046.o(.text.TSC2046_BR_point) refers to my_ili9341.o(.text.ILI9341_fillCircle) for ILI9341_fillCircle
    tsc2046.o(.text.TSC2046_BR_point) refers to tsc2046.o(.rodata.str1.1) for .L.str
    tsc2046.o(.text.TSC2046_BR_point) refers to my_ili9341.o(.text.ILI9341_printText) for ILI9341_printText
    tsc2046.o(.ARM.exidx.text.TSC2046_BR_point) refers to tsc2046.o(.text.TSC2046_BR_point) for [Anonymous Symbol]
    tsc2046.o(.text.TSC2046_getRaw_X) refers to tsc2046.o(.data.CMD_Default) for CMD_Default
    tsc2046.o(.text.TSC2046_getRaw_X) refers to tsc2046.o(.text.TSC2046_SendCommand) for TSC2046_SendCommand
    tsc2046.o(.ARM.exidx.text.TSC2046_getRaw_X) refers to tsc2046.o(.text.TSC2046_getRaw_X) for [Anonymous Symbol]
    tsc2046.o(.text.TSC2046_getRaw_Y) refers to tsc2046.o(.data.CMD_Default) for CMD_Default
    tsc2046.o(.text.TSC2046_getRaw_Y) refers to tsc2046.o(.text.TSC2046_SendCommand) for TSC2046_SendCommand
    tsc2046.o(.ARM.exidx.text.TSC2046_getRaw_Y) refers to tsc2046.o(.text.TSC2046_getRaw_Y) for [Anonymous Symbol]
    tsc2046.o(.text.TSC2046_Begin) refers to tsc2046.o(.bss.tsSPIhandle) for tsSPIhandle
    tsc2046.o(.text.TSC2046_Begin) refers to tsc2046.o(.bss.tsCS_GPIO) for tsCS_GPIO
    tsc2046.o(.text.TSC2046_Begin) refers to tsc2046.o(.bss.tsCS_PIN) for tsCS_PIN
    tsc2046.o(.text.TSC2046_Begin) refers to tsc2046.o(.text.TSC2046_getOrientation) for TSC2046_getOrientation
    tsc2046.o(.text.TSC2046_Begin) refers to tsc2046.o(.bss.ScreenOrientation) for ScreenOrientation
    tsc2046.o(.ARM.exidx.text.TSC2046_Begin) refers to tsc2046.o(.text.TSC2046_Begin) for [Anonymous Symbol]
    tsc2046.o(.text.TSC2046_getOrientation) refers to my_ili9341.o(.text.ILI9341_getRotation) for ILI9341_getRotation
    tsc2046.o(.ARM.exidx.text.TSC2046_getOrientation) refers to tsc2046.o(.text.TSC2046_getOrientation) for [Anonymous Symbol]
    tsc2046.o(.text.TSC2046_GetTouchData) refers to tsc2046.o(.text.TSC2046_getRaw_Z) for TSC2046_getRaw_Z
    tsc2046.o(.text.TSC2046_GetTouchData) refers to tsc2046.o(.text.TSC2046_GetRawTouch) for TSC2046_GetRawTouch
    tsc2046.o(.text.TSC2046_GetTouchData) refers to tsc2046.o(.bss.localRawTouch) for localRawTouch
    tsc2046.o(.text.TSC2046_GetTouchData) refers to tsc2046.o(.bss.myTS_Calibrate) for myTS_Calibrate
    tsc2046.o(.ARM.exidx.text.TSC2046_GetTouchData) refers to tsc2046.o(.text.TSC2046_GetTouchData) for [Anonymous Symbol]
    __main.o(!!!main) refers to __rtentry.o(.ARM.Collect$$rtentry$$00000000) for __rt_entry
    dfix.o(x$fpl$dfix) refers (Special) to usenofp.o(x$fpl$usenofp) for __I$use$fp
    dfix.o(x$fpl$dfix) refers to dnaninf.o(x$fpl$dnaninf) for __fpl_dnaninf
    dfix.o(x$fpl$dfixr) refers (Special) to usenofp.o(x$fpl$usenofp) for __I$use$fp
    dfix.o(x$fpl$dfixr) refers to dnaninf.o(x$fpl$dnaninf) for __fpl_dnaninf
    dflt_clz.o(x$fpl$dfltu) refers (Special) to usenofp.o(x$fpl$usenofp) for __I$use$fp
    dflt_clz.o(x$fpl$dflt) refers (Special) to usenofp.o(x$fpl$usenofp) for __I$use$fp
    dflt_clz.o(x$fpl$dfltn) refers (Special) to usenofp.o(x$fpl$usenofp) for __I$use$fp
    dmul.o(x$fpl$dmul) refers (Special) to usenofp.o(x$fpl$usenofp) for __I$use$fp
    dmul.o(x$fpl$dmul) refers to dretinf.o(x$fpl$dretinf) for __fpl_dretinf
    dmul.o(x$fpl$dmul) refers to dnaninf.o(x$fpl$dnaninf) for __fpl_dnaninf
    __rtentry.o(.ARM.Collect$$rtentry$$00000000) refers (Special) to __rtentry2.o(.ARM.Collect$$rtentry$$0000000A) for __rt_entry_li
    __rtentry.o(.ARM.Collect$$rtentry$$00000000) refers (Special) to __rtentry2.o(.ARM.Collect$$rtentry$$0000000D) for __rt_entry_main
    __rtentry.o(.ARM.Collect$$rtentry$$00000000) refers (Special) to __rtentry2.o(.ARM.Collect$$rtentry$$0000000C) for __rt_entry_postli_1
    __rtentry.o(.ARM.Collect$$rtentry$$00000000) refers (Special) to __rtentry2.o(.ARM.Collect$$rtentry$$00000009) for __rt_entry_postsh_1
    __rtentry.o(.ARM.Collect$$rtentry$$00000000) refers (Special) to __rtentry2.o(.ARM.Collect$$rtentry$$00000002) for __rt_entry_presh_1
    __rtentry.o(.ARM.Collect$$rtentry$$00000000) refers (Special) to __rtentry4.o(.ARM.Collect$$rtentry$$00000004) for __rt_entry_sh
    dnaninf.o(x$fpl$dnaninf) refers (Special) to usenofp.o(x$fpl$usenofp) for __I$use$fp
    dretinf.o(x$fpl$dretinf) refers (Special) to usenofp.o(x$fpl$usenofp) for __I$use$fp
    __rtentry2.o(.ARM.Collect$$rtentry$$00000008) refers to boardinit2.o(.text) for _platform_post_stackheap_init
    __rtentry2.o(.ARM.Collect$$rtentry$$0000000A) refers to libinit.o(.ARM.Collect$$libinit$$00000000) for __rt_lib_init
    __rtentry2.o(.ARM.Collect$$rtentry$$0000000B) refers to boardinit3.o(.text) for _platform_post_lib_init
    __rtentry2.o(.ARM.Collect$$rtentry$$0000000D) refers to main.o(.text.main) for main
    __rtentry2.o(.ARM.Collect$$rtentry$$0000000D) refers to exit.o(.text) for exit
    __rtentry2.o(.ARM.exidx) refers to __rtentry2.o(.ARM.Collect$$rtentry$$00000001) for .ARM.Collect$$rtentry$$00000001
    __rtentry2.o(.ARM.exidx) refers to __rtentry2.o(.ARM.Collect$$rtentry$$00000008) for .ARM.Collect$$rtentry$$00000008
    __rtentry2.o(.ARM.exidx) refers to __rtentry2.o(.ARM.Collect$$rtentry$$0000000A) for .ARM.Collect$$rtentry$$0000000A
    __rtentry2.o(.ARM.exidx) refers to __rtentry2.o(.ARM.Collect$$rtentry$$0000000B) for .ARM.Collect$$rtentry$$0000000B
    __rtentry2.o(.ARM.exidx) refers to __rtentry2.o(.ARM.Collect$$rtentry$$0000000D) for .ARM.Collect$$rtentry$$0000000D
    __rtentry4.o(.ARM.Collect$$rtentry$$00000004) refers to sys_stackheap_outer.o(.text) for __user_setup_stackheap
    __rtentry4.o(.ARM.exidx) refers to __rtentry4.o(.ARM.Collect$$rtentry$$00000004) for .ARM.Collect$$rtentry$$00000004
    sys_stackheap_outer.o(.text) refers to libspace.o(.text) for __user_perproc_libspace
    sys_stackheap_outer.o(.text) refers to startup_stm32l476xx.o(.text) for __user_initial_stackheap
    exit.o(.text) refers to rtexit.o(.ARM.Collect$$rtexit$$00000000) for __rt_exit
    libinit.o(.ARM.Collect$$libinit$$00000000) refers (Special) to libinit2.o(.ARM.Collect$$libinit$$00000030) for __rt_lib_init_alloca_1
    libinit.o(.ARM.Collect$$libinit$$00000000) refers (Special) to libinit2.o(.ARM.Collect$$libinit$$0000002E) for __rt_lib_init_argv_1
    libinit.o(.ARM.Collect$$libinit$$00000000) refers (Special) to libinit2.o(.ARM.Collect$$libinit$$0000001D) for __rt_lib_init_atexit_1
    libinit.o(.ARM.Collect$$libinit$$00000000) refers (Special) to libinit2.o(.ARM.Collect$$libinit$$00000023) for __rt_lib_init_clock_1
    libinit.o(.ARM.Collect$$libinit$$00000000) refers (Special) to libinit2.o(.ARM.Collect$$libinit$$00000034) for __rt_lib_init_cpp_1
    libinit.o(.ARM.Collect$$libinit$$00000000) refers (Special) to libinit2.o(.ARM.Collect$$libinit$$00000032) for __rt_lib_init_exceptions_1
    libinit.o(.ARM.Collect$$libinit$$00000000) refers (Special) to libinit2.o(.ARM.Collect$$libinit$$00000001) for __rt_lib_init_fp_1
    libinit.o(.ARM.Collect$$libinit$$00000000) refers (Special) to libinit2.o(.ARM.Collect$$libinit$$00000021) for __rt_lib_init_fp_trap_1
    libinit.o(.ARM.Collect$$libinit$$00000000) refers (Special) to libinit2.o(.ARM.Collect$$libinit$$00000025) for __rt_lib_init_getenv_1
    libinit.o(.ARM.Collect$$libinit$$00000000) refers (Special) to libinit2.o(.ARM.Collect$$libinit$$0000000C) for __rt_lib_init_heap_1
    libinit.o(.ARM.Collect$$libinit$$00000000) refers (Special) to libinit2.o(.ARM.Collect$$libinit$$00000013) for __rt_lib_init_lc_collate_1
    libinit.o(.ARM.Collect$$libinit$$00000000) refers (Special) to libinit2.o(.ARM.Collect$$libinit$$00000015) for __rt_lib_init_lc_ctype_1
    libinit.o(.ARM.Collect$$libinit$$00000000) refers (Special) to libinit2.o(.ARM.Collect$$libinit$$00000017) for __rt_lib_init_lc_monetary_1
    libinit.o(.ARM.Collect$$libinit$$00000000) refers (Special) to libinit2.o(.ARM.Collect$$libinit$$00000019) for __rt_lib_init_lc_numeric_1
    libinit.o(.ARM.Collect$$libinit$$00000000) refers (Special) to libinit2.o(.ARM.Collect$$libinit$$0000001B) for __rt_lib_init_lc_time_1
    libinit.o(.ARM.Collect$$libinit$$00000000) refers (Special) to libinit2.o(.ARM.Collect$$libinit$$00000006) for __rt_lib_init_preinit_1
    libinit.o(.ARM.Collect$$libinit$$00000000) refers (Special) to libinit2.o(.ARM.Collect$$libinit$$00000010) for __rt_lib_init_rand_1
    libinit.o(.ARM.Collect$$libinit$$00000000) refers (Special) to libinit2.o(.ARM.Collect$$libinit$$00000004) for __rt_lib_init_relocate_pie_1
    libinit.o(.ARM.Collect$$libinit$$00000000) refers (Special) to libinit2.o(.ARM.Collect$$libinit$$00000035) for __rt_lib_init_return
    libinit.o(.ARM.Collect$$libinit$$00000000) refers (Special) to libinit2.o(.ARM.Collect$$libinit$$0000001F) for __rt_lib_init_signal_1
    libinit.o(.ARM.Collect$$libinit$$00000000) refers (Special) to libinit2.o(.ARM.Collect$$libinit$$00000027) for __rt_lib_init_stdio_1
    libinit.o(.ARM.Collect$$libinit$$00000000) refers (Special) to libinit2.o(.ARM.Collect$$libinit$$0000000E) for __rt_lib_init_user_alloc_1
    libspace.o(.text) refers to libspace.o(.bss) for __libspace_start
    rtexit.o(.ARM.Collect$$rtexit$$00000000) refers (Special) to rtexit2.o(.ARM.Collect$$rtexit$$00000004) for __rt_exit_exit
    rtexit.o(.ARM.Collect$$rtexit$$00000000) refers (Special) to rtexit2.o(.ARM.Collect$$rtexit$$00000003) for __rt_exit_ls
    rtexit.o(.ARM.Collect$$rtexit$$00000000) refers (Special) to rtexit2.o(.ARM.Collect$$rtexit$$00000002) for __rt_exit_prels_1
    rtexit.o(.ARM.exidx) refers (Special) to rtexit2.o(.ARM.Collect$$rtexit$$00000004) for __rt_exit_exit
    rtexit.o(.ARM.exidx) refers (Special) to rtexit2.o(.ARM.Collect$$rtexit$$00000003) for __rt_exit_ls
    rtexit.o(.ARM.exidx) refers (Special) to rtexit2.o(.ARM.Collect$$rtexit$$00000002) for __rt_exit_prels_1
    rtexit.o(.ARM.exidx) refers to rtexit.o(.ARM.Collect$$rtexit$$00000000) for .ARM.Collect$$rtexit$$00000000
    libinit2.o(.ARM.Collect$$libinit$$00000001) refers to fpinit.o(x$fpl$fpinit) for _fp_init
    libinit2.o(.ARM.Collect$$libinit$$00000012) refers to libinit2.o(.ARM.Collect$$libinit$$00000011) for .ARM.Collect$$libinit$$00000011
    libinit2.o(.ARM.Collect$$libinit$$00000014) refers to libinit2.o(.ARM.Collect$$libinit$$00000011) for .ARM.Collect$$libinit$$00000011
    libinit2.o(.ARM.Collect$$libinit$$00000016) refers to libinit2.o(.ARM.Collect$$libinit$$00000011) for .ARM.Collect$$libinit$$00000011
    libinit2.o(.ARM.Collect$$libinit$$00000018) refers to libinit2.o(.ARM.Collect$$libinit$$00000011) for .ARM.Collect$$libinit$$00000011
    libinit2.o(.ARM.Collect$$libinit$$0000001A) refers to libinit2.o(.ARM.Collect$$libinit$$00000011) for .ARM.Collect$$libinit$$00000011
    libinit2.o(.ARM.Collect$$libinit$$00000028) refers to argv_veneer.o(.emb_text) for __ARM_argv_veneer
    libinit2.o(.ARM.Collect$$libinit$$00000029) refers to argv_veneer.o(.emb_text) for __ARM_argv_veneer
    rtexit2.o(.ARM.Collect$$rtexit$$00000003) refers to libshutdown.o(.ARM.Collect$$libshutdown$$00000000) for __rt_lib_shutdown
    rtexit2.o(.ARM.Collect$$rtexit$$00000004) refers to sys_exit.o(.text) for _sys_exit
    rtexit2.o(.ARM.exidx) refers to rtexit2.o(.ARM.Collect$$rtexit$$00000001) for .ARM.Collect$$rtexit$$00000001
    rtexit2.o(.ARM.exidx) refers to rtexit2.o(.ARM.Collect$$rtexit$$00000003) for .ARM.Collect$$rtexit$$00000003
    rtexit2.o(.ARM.exidx) refers to rtexit2.o(.ARM.Collect$$rtexit$$00000004) for .ARM.Collect$$rtexit$$00000004
    argv_veneer.o(.emb_text) refers to no_argv.o(.text) for __ARM_get_argv
    sys_exit.o(.text) refers (Special) to use_no_semi.o(.text) for __I$use$semihosting
    sys_exit.o(.text) refers (Special) to indicate_semi.o(.text) for __semihosting_library_function
    sys_exit_hlt.o(.text) refers (Special) to use_no_semi.o(.text) for __I$use$semihosting
    sys_exit_hlt.o(.text) refers (Special) to indicate_semi.o(.text) for __semihosting_library_function
    _get_argv_nomalloc.o(.text) refers (Special) to hrguard.o(.text) for __heap_region$guard
    _get_argv_nomalloc.o(.text) refers to defsig_rtmem_outer.o(.text) for __rt_SIGRTMEM
    _get_argv_nomalloc.o(.text) refers to sys_command.o(.text) for _sys_command_string
    libshutdown.o(.ARM.Collect$$libshutdown$$00000000) refers (Special) to libshutdown2.o(.ARM.Collect$$libshutdown$$00000002) for __rt_lib_shutdown_cpp_1
    libshutdown.o(.ARM.Collect$$libshutdown$$00000000) refers (Special) to libshutdown2.o(.ARM.Collect$$libshutdown$$00000007) for __rt_lib_shutdown_fp_trap_1
    libshutdown.o(.ARM.Collect$$libshutdown$$00000000) refers (Special) to libshutdown2.o(.ARM.Collect$$libshutdown$$0000000F) for __rt_lib_shutdown_heap_1
    libshutdown.o(.ARM.Collect$$libshutdown$$00000000) refers (Special) to libshutdown2.o(.ARM.Collect$$libshutdown$$00000010) for __rt_lib_shutdown_return
    libshutdown.o(.ARM.Collect$$libshutdown$$00000000) refers (Special) to libshutdown2.o(.ARM.Collect$$libshutdown$$0000000A) for __rt_lib_shutdown_signal_1
    libshutdown.o(.ARM.Collect$$libshutdown$$00000000) refers (Special) to libshutdown2.o(.ARM.Collect$$libshutdown$$00000004) for __rt_lib_shutdown_stdio_1
    libshutdown.o(.ARM.Collect$$libshutdown$$00000000) refers (Special) to libshutdown2.o(.ARM.Collect$$libshutdown$$0000000C) for __rt_lib_shutdown_user_alloc_1
    sys_command.o(.text) refers (Special) to use_no_semi.o(.text) for __I$use$semihosting
    sys_command.o(.text) refers (Special) to indicate_semi.o(.text) for __semihosting_library_function
    sys_command_hlt.o(.text) refers (Special) to use_no_semi.o(.text) for __I$use$semihosting
    sys_command_hlt.o(.text) refers (Special) to indicate_semi.o(.text) for __semihosting_library_function
    defsig_rtmem_outer.o(.text) refers to defsig_rtmem_inner.o(.text) for __rt_SIGRTMEM_inner
    defsig_rtmem_outer.o(.text) refers to defsig_exit.o(.text) for __sig_exit
    defsig_rtmem_formal.o(.text) refers to rt_raise.o(.text) for __rt_raise
    rt_raise.o(.text) refers to __raise.o(.text) for __raise
    rt_raise.o(.text) refers to sys_exit.o(.text) for _sys_exit
    defsig_exit.o(.text) refers to sys_exit.o(.text) for _sys_exit
    defsig_rtmem_inner.o(.text) refers to defsig_general.o(.text) for __default_signal_display
    __raise.o(.text) refers to defsig.o(CL$$defsig) for __default_signal_handler
    defsig_general.o(.text) refers to sys_wrch.o(.text) for _ttywrch
    sys_wrch.o(.text) refers (Special) to use_no_semi.o(.text) for __I$use$semihosting
    sys_wrch.o(.text) refers (Special) to indicate_semi.o(.text) for __semihosting_library_function
    sys_wrch_hlt.o(.text) refers (Special) to use_no_semi.o(.text) for __I$use$semihosting
    sys_wrch_hlt.o(.text) refers (Special) to indicate_semi.o(.text) for __semihosting_library_function
    defsig.o(CL$$defsig) refers to defsig_rtmem_inner.o(.text) for __rt_SIGRTMEM_inner
    defsig_abrt_inner.o(.text) refers to defsig_general.o(.text) for __default_signal_display
    defsig_fpe_inner.o(.text) refers to defsig_general.o(.text) for __default_signal_display
    defsig_rtred_inner.o(.text) refers to defsig_general.o(.text) for __default_signal_display
    defsig_stak_inner.o(.text) refers to defsig_general.o(.text) for __default_signal_display
    defsig_pvfn_inner.o(.text) refers to defsig_general.o(.text) for __default_signal_display
    defsig_cppl_inner.o(.text) refers to defsig_general.o(.text) for __default_signal_display
    defsig_segv_inner.o(.text) refers to defsig_general.o(.text) for __default_signal_display
    defsig_other.o(.text) refers to defsig_general.o(.text) for __default_signal_display


==============================================================================

Removing Unused input sections from the image.

    Removing main.o(.text), (0 bytes).
    Removing main.o(.ARM.exidx.text.main), (8 bytes).
    Removing main.o(.ARM.exidx.text.draw_keypad), (8 bytes).
    Removing main.o(.ARM.use_no_argv), (4 bytes).
    Removing motor.o(.text), (0 bytes).
    Removing motor.o(.text.Motor_GPIO_Init), (86 bytes).
    Removing motor.o(.ARM.exidx.text.Motor_GPIO_Init), (8 bytes).
    Removing motor.o(.text.Motor_delay), (32 bytes).
    Removing motor.o(.ARM.exidx.text.Motor_delay), (8 bytes).
    Removing motor.o(.text.Power_North), (26 bytes).
    Removing motor.o(.ARM.exidx.text.Power_North), (8 bytes).
    Removing motor.o(.text.Power_South), (26 bytes).
    Removing motor.o(.ARM.exidx.text.Power_South), (8 bytes).
    Removing motor.o(.text.Power_East), (26 bytes).
    Removing motor.o(.ARM.exidx.text.Power_East), (8 bytes).
    Removing motor.o(.text.Power_West), (26 bytes).
    Removing motor.o(.ARM.exidx.text.Power_West), (8 bytes).
    Removing motor.o(.text.Depower_Horizontal), (26 bytes).
    Removing motor.o(.ARM.exidx.text.Depower_Horizontal), (8 bytes).
    Removing motor.o(.text.Depower_Vertical), (26 bytes).
    Removing motor.o(.ARM.exidx.text.Depower_Vertical), (8 bytes).
    Removing motor.o(.text.Full_Stepping_Clockwise), (82 bytes).
    Removing motor.o(.ARM.exidx.text.Full_Stepping_Clockwise), (8 bytes).
    Removing motor.o(.text.Full_Stepping_CounterClockwise), (82 bytes).
    Removing motor.o(.ARM.exidx.text.Full_Stepping_CounterClockwise), (8 bytes).
    Removing motor.o(.text.Half_Stepping_Clockwise), (106 bytes).
    Removing motor.o(.ARM.exidx.text.Half_Stepping_Clockwise), (8 bytes).
    Removing motor.o(.text.Half_Stepping_CounterClockwise), (106 bytes).
    Removing motor.o(.ARM.exidx.text.Half_Stepping_CounterClockwise), (8 bytes).
    Removing spi.o(.text), (0 bytes).
    Removing spi.o(.ARM.exidx.text.SPI1_GPIO_Init), (8 bytes).
    Removing spi.o(.text.SPI2_GPIO_Init), (118 bytes).
    Removing spi.o(.ARM.exidx.text.SPI2_GPIO_Init), (8 bytes).
    Removing spi.o(.ARM.exidx.text.SPI1_Init), (8 bytes).
    Removing spi.o(.ARM.exidx.text.SPI2_Init), (8 bytes).
    Removing spi.o(.ARM.exidx.text.SPI_Write), (8 bytes).
    Removing spi.o(.text.SPI_Read), (68 bytes).
    Removing spi.o(.ARM.exidx.text.SPI_Read), (8 bytes).
    Removing spi.o(.ARM.exidx.text.SPI_Delay), (8 bytes).
    Removing my_ili9341.o(.text), (0 bytes).
    Removing my_ili9341.o(.ARM.exidx.text.SPI_Transmit), (8 bytes).
    Removing my_ili9341.o(.ARM.exidx.text.ILI9341_SendCommand), (8 bytes).
    Removing my_ili9341.o(.ARM.exidx.text.ILI9341_SendData), (8 bytes).
    Removing my_ili9341.o(.text.ILI9341_SendData_Multi), (124 bytes).
    Removing my_ili9341.o(.ARM.exidx.text.ILI9341_SendData_Multi), (8 bytes).
    Removing my_ili9341.o(.ARM.exidx.text.ILI9341_SetCursorPosition), (8 bytes).
    Removing my_ili9341.o(.ARM.exidx.text.ILI9341_Init), (8 bytes).
    Removing my_ili9341.o(.ARM.exidx.text.ILI9341_DrawPixel), (8 bytes).
    Removing my_ili9341.o(.ARM.exidx.text.ILI9341_Fill), (8 bytes).
    Removing my_ili9341.o(.ARM.exidx.text.ILI9341_Fill_Rect), (8 bytes).
    Removing my_ili9341.o(.text.ILI9341_drawCircle), (520 bytes).
    Removing my_ili9341.o(.ARM.exidx.text.ILI9341_drawCircle), (8 bytes).
    Removing my_ili9341.o(.ARM.exidx.text.ILI9341_fillCircle), (8 bytes).
    Removing my_ili9341.o(.ARM.exidx.text.ILI9341_drawFastVLine), (8 bytes).
    Removing my_ili9341.o(.ARM.exidx.text.fillCircleHelper), (8 bytes).
    Removing my_ili9341.o(.ARM.exidx.text.ILI9341_drawLine), (8 bytes).
    Removing my_ili9341.o(.text.ILI9341_drawFastHLine), (58 bytes).
    Removing my_ili9341.o(.ARM.exidx.text.ILI9341_drawFastHLine), (8 bytes).
    Removing my_ili9341.o(.text.ILI9341_drawTriangle), (138 bytes).
    Removing my_ili9341.o(.ARM.exidx.text.ILI9341_drawTriangle), (8 bytes).
    Removing my_ili9341.o(.text.ILI9341_fillTriangle), (908 bytes).
    Removing my_ili9341.o(.ARM.exidx.text.ILI9341_fillTriangle), (8 bytes).
    Removing my_ili9341.o(.ARM.exidx.text.ILI9341_drawChar), (8 bytes).
    Removing my_ili9341.o(.text.ILI9341_printText), (168 bytes).
    Removing my_ili9341.o(.ARM.exidx.text.ILI9341_printText), (8 bytes).
    Removing my_ili9341.o(.text.ILI9341_printImage), (104 bytes).
    Removing my_ili9341.o(.ARM.exidx.text.ILI9341_printImage), (8 bytes).
    Removing my_ili9341.o(.ARM.exidx.text.ILI9341_setRotation), (8 bytes).
    Removing my_ili9341.o(.text.ILI9341_getRotation), (12 bytes).
    Removing my_ili9341.o(.ARM.exidx.text.ILI9341_getRotation), (8 bytes).
    Removing systimer.o(.text), (0 bytes).
    Removing systimer.o(.text.SysTick_Init), (94 bytes).
    Removing systimer.o(.ARM.exidx.text.SysTick_Init), (8 bytes).
    Removing systimer.o(.text.__NVIC_SetPriority), (66 bytes).
    Removing systimer.o(.ARM.exidx.text.__NVIC_SetPriority), (8 bytes).
    Removing systimer.o(.text.__NVIC_EnableIRQ), (48 bytes).
    Removing systimer.o(.ARM.exidx.text.__NVIC_EnableIRQ), (8 bytes).
    Removing systimer.o(.ARM.exidx.text.SysTick_Handler), (8 bytes).
    Removing systimer.o(.text.delay), (58 bytes).
    Removing systimer.o(.ARM.exidx.text.delay), (8 bytes).
    Removing uart.o(.text), (0 bytes).
    Removing uart.o(.text.UART1_Init), (40 bytes).
    Removing uart.o(.ARM.exidx.text.UART1_Init), (8 bytes).
    Removing uart.o(.text.UART1_GPIO_Init), (126 bytes).
    Removing uart.o(.ARM.exidx.text.UART1_GPIO_Init), (8 bytes).
    Removing uart.o(.text.USART_Init), (86 bytes).
    Removing uart.o(.ARM.exidx.text.USART_Init), (8 bytes).
    Removing uart.o(.text.USART_Write), (100 bytes).
    Removing uart.o(.ARM.exidx.text.USART_Write), (8 bytes).
    Removing uart.o(.text.USART_Delay), (50 bytes).
    Removing uart.o(.ARM.exidx.text.USART_Delay), (8 bytes).
    Removing uart.o(.text.USART_Read), (30 bytes).
    Removing uart.o(.ARM.exidx.text.USART_Read), (8 bytes).
    Removing uart.o(.text.USART_IRQHandler), (148 bytes).
    Removing uart.o(.ARM.exidx.text.USART_IRQHandler), (8 bytes).
    Removing sysclock.o(.text), (0 bytes).
    Removing sysclock.o(.ARM.exidx.text.System_Clock_Init), (8 bytes).
    Removing fingerprint.o(.text), (0 bytes).
    Removing fingerprint.o(.text.GPIO_Init_Fingerprint), (80 bytes).
    Removing fingerprint.o(.ARM.exidx.text.GPIO_Init_Fingerprint), (8 bytes).
    Removing fingerprint.o(.text.TxByte), (30 bytes).
    Removing fingerprint.o(.ARM.exidx.text.TxByte), (8 bytes).
    Removing fingerprint.o(.text.TxAndRxCmd), (130 bytes).
    Removing fingerprint.o(.ARM.exidx.text.TxAndRxCmd), (8 bytes).
    Removing fingerprint.o(.bss.finger_TxBuf), (9 bytes).
    Removing fingerprint.o(.bss.Finger_SleepFlag), (1 bytes).
    Removing tsc2046.o(.text), (0 bytes).
    Removing tsc2046.o(.text.SPI_Receive), (28 bytes).
    Removing tsc2046.o(.ARM.exidx.text.SPI_Receive), (8 bytes).
    Removing tsc2046.o(.text.TSC2046_SendCommand), (92 bytes).
    Removing tsc2046.o(.ARM.exidx.text.TSC2046_SendCommand), (8 bytes).
    Removing tsc2046.o(.text.TSC2046_Calibrate), (560 bytes).
    Removing tsc2046.o(.ARM.exidx.text.TSC2046_Calibrate), (8 bytes).
    Removing tsc2046.o(.text.TSC2046_TL_point), (50 bytes).
    Removing tsc2046.o(.ARM.exidx.text.TSC2046_TL_point), (8 bytes).
    Removing tsc2046.o(.text.TSC2046_getRaw_Z), (22 bytes).
    Removing tsc2046.o(.ARM.exidx.text.TSC2046_getRaw_Z), (8 bytes).
    Removing tsc2046.o(.text.TSC2046_GetRawTouch), (260 bytes).
    Removing tsc2046.o(.ARM.exidx.text.TSC2046_GetRawTouch), (8 bytes).
    Removing tsc2046.o(.text.TSC2046_BR_point), (82 bytes).
    Removing tsc2046.o(.ARM.exidx.text.TSC2046_BR_point), (8 bytes).
    Removing tsc2046.o(.text.TSC2046_getRaw_X), (22 bytes).
    Removing tsc2046.o(.ARM.exidx.text.TSC2046_getRaw_X), (8 bytes).
    Removing tsc2046.o(.text.TSC2046_getRaw_Y), (22 bytes).
    Removing tsc2046.o(.ARM.exidx.text.TSC2046_getRaw_Y), (8 bytes).
    Removing tsc2046.o(.text.TSC2046_Begin), (92 bytes).
    Removing tsc2046.o(.ARM.exidx.text.TSC2046_Begin), (8 bytes).
    Removing tsc2046.o(.text.TSC2046_getOrientation), (8 bytes).
    Removing tsc2046.o(.ARM.exidx.text.TSC2046_getOrientation), (8 bytes).
    Removing tsc2046.o(.text.TSC2046_GetTouchData), (230 bytes).
    Removing tsc2046.o(.ARM.exidx.text.TSC2046_GetTouchData), (8 bytes).
    Removing tsc2046.o(.bss.tsCS_PIN), (2 bytes).
    Removing tsc2046.o(.bss.tsCS_GPIO), (4 bytes).
    Removing tsc2046.o(.bss.tsSPIhandle), (4 bytes).
    Removing tsc2046.o(.bss.myTS_Calibrate), (28 bytes).
    Removing tsc2046.o(.bss.ScreenOrientation), (1 bytes).
    Removing tsc2046.o(.bss.localRawTouch), (4 bytes).
    Removing tsc2046.o(.data.CMD_Default), (1 bytes).
    Removing tsc2046.o(.rodata.str1.1), (11 bytes).

139 unused section(s) (total 6059 bytes) removed from the image.

==============================================================================

Image Symbol Table

    Local Symbols

    Symbol Name                              Value     Ov Type        Size  Object(Section)

    ../clib/angel/boardlib.s                 0x00000000   Number         0  boardinit1.o ABSOLUTE
    ../clib/angel/boardlib.s                 0x00000000   Number         0  boardinit2.o ABSOLUTE
    ../clib/angel/boardlib.s                 0x00000000   Number         0  boardinit3.o ABSOLUTE
    ../clib/angel/boardlib.s                 0x00000000   Number         0  boardshut.o ABSOLUTE
    ../clib/angel/handlers.s                 0x00000000   Number         0  __scatter_copy.o ABSOLUTE
    ../clib/angel/handlers.s                 0x00000000   Number         0  __scatter_zi.o ABSOLUTE
    ../clib/angel/kernel.s                   0x00000000   Number         0  __rtentry.o ABSOLUTE
    ../clib/angel/kernel.s                   0x00000000   Number         0  __rtentry2.o ABSOLUTE
    ../clib/angel/kernel.s                   0x00000000   Number         0  __rtentry4.o ABSOLUTE
    ../clib/angel/kernel.s                   0x00000000   Number         0  rtexit.o ABSOLUTE
    ../clib/angel/kernel.s                   0x00000000   Number         0  rtexit2.o ABSOLUTE
    ../clib/angel/rt.s                       0x00000000   Number         0  rt_raise.o ABSOLUTE
    ../clib/angel/scatter.s                  0x00000000   Number         0  __scatter.o ABSOLUTE
    ../clib/angel/startup.s                  0x00000000   Number         0  __main.o ABSOLUTE
    ../clib/angel/sys.s                      0x00000000   Number         0  sys_stackheap_outer.o ABSOLUTE
    ../clib/angel/sys.s                      0x00000000   Number         0  libspace.o ABSOLUTE
    ../clib/angel/sys.s                      0x00000000   Number         0  use_no_semi.o ABSOLUTE
    ../clib/angel/sys.s                      0x00000000   Number         0  indicate_semi.o ABSOLUTE
    ../clib/angel/sysapp.c                   0x00000000   Number         0  sys_exit.o ABSOLUTE
    ../clib/angel/sysapp.c                   0x00000000   Number         0  sys_exit_hlt.o ABSOLUTE
    ../clib/angel/sysapp.c                   0x00000000   Number         0  sys_command.o ABSOLUTE
    ../clib/angel/sysapp.c                   0x00000000   Number         0  sys_command_hlt.o ABSOLUTE
    ../clib/angel/sysapp.c                   0x00000000   Number         0  sys_wrch.o ABSOLUTE
    ../clib/angel/sysapp.c                   0x00000000   Number         0  sys_wrch_hlt.o ABSOLUTE
    ../clib/armsys.c                         0x00000000   Number         0  argv_veneer.o ABSOLUTE
    ../clib/armsys.c                         0x00000000   Number         0  argv_veneer.o ABSOLUTE
    ../clib/armsys.c                         0x00000000   Number         0  _get_argv_nomalloc.o ABSOLUTE
    ../clib/armsys.c                         0x00000000   Number         0  no_argv.o ABSOLUTE
    ../clib/heapalloc.c                      0x00000000   Number         0  hrguard.o ABSOLUTE
    ../clib/heapaux.c                        0x00000000   Number         0  heapauxi.o ABSOLUTE
    ../clib/libinit.s                        0x00000000   Number         0  libinit.o ABSOLUTE
    ../clib/libinit.s                        0x00000000   Number         0  libinit2.o ABSOLUTE
    ../clib/libinit.s                        0x00000000   Number         0  libshutdown.o ABSOLUTE
    ../clib/libinit.s                        0x00000000   Number         0  libshutdown2.o ABSOLUTE
    ../clib/signal.c                         0x00000000   Number         0  defsig_rtmem_outer.o ABSOLUTE
    ../clib/signal.c                         0x00000000   Number         0  defsig_rtmem_formal.o ABSOLUTE
    ../clib/signal.c                         0x00000000   Number         0  defsig_exit.o ABSOLUTE
    ../clib/signal.c                         0x00000000   Number         0  defsig_rtmem_inner.o ABSOLUTE
    ../clib/signal.c                         0x00000000   Number         0  __raise.o ABSOLUTE
    ../clib/signal.c                         0x00000000   Number         0  defsig_general.o ABSOLUTE
    ../clib/signal.c                         0x00000000   Number         0  defsig_abrt_inner.o ABSOLUTE
    ../clib/signal.c                         0x00000000   Number         0  defsig_fpe_inner.o ABSOLUTE
    ../clib/signal.c                         0x00000000   Number         0  defsig_rtred_inner.o ABSOLUTE
    ../clib/signal.c                         0x00000000   Number         0  defsig_stak_inner.o ABSOLUTE
    ../clib/signal.c                         0x00000000   Number         0  defsig_pvfn_inner.o ABSOLUTE
    ../clib/signal.c                         0x00000000   Number         0  defsig_cppl_inner.o ABSOLUTE
    ../clib/signal.c                         0x00000000   Number         0  defsig_segv_inner.o ABSOLUTE
    ../clib/signal.c                         0x00000000   Number         0  defsig_other.o ABSOLUTE
    ../clib/signal.s                         0x00000000   Number         0  defsig.o ABSOLUTE
    ../clib/stdlib.c                         0x00000000   Number         0  abs.o ABSOLUTE
    ../clib/stdlib.c                         0x00000000   Number         0  exit.o ABSOLUTE
    ../fplib/dfix.s                          0x00000000   Number         0  dfix.o ABSOLUTE
    ../fplib/dflt.s                          0x00000000   Number         0  dflt_clz.o ABSOLUTE
    ../fplib/dmul.s                          0x00000000   Number         0  dmul.o ABSOLUTE
    ../fplib/dnaninf.s                       0x00000000   Number         0  dnaninf.o ABSOLUTE
    ../fplib/dretinf.s                       0x00000000   Number         0  dretinf.o ABSOLUTE
    ../fplib/fpinit.s                        0x00000000   Number         0  fpinit.o ABSOLUTE
    ../fplib/usenofp.s                       0x00000000   Number         0  usenofp.o ABSOLUTE
    MY_ILI9341.c                             0x00000000   Number         0  my_ili9341.o ABSOLUTE
    SPI.c                                    0x00000000   Number         0  spi.o ABSOLUTE
    SysClock.c                               0x00000000   Number         0  sysclock.o ABSOLUTE
    SysTimer.c                               0x00000000   Number         0  systimer.o ABSOLUTE
    TSC2046.c                                0x00000000   Number         0  tsc2046.o ABSOLUTE
    UART.c                                   0x00000000   Number         0  uart.o ABSOLUTE
    dc.s                                     0x00000000   Number         0  dc.o ABSOLUTE
    fingerprint.c                            0x00000000   Number         0  fingerprint.o ABSOLUTE
    main.c                                   0x00000000   Number         0  main.o ABSOLUTE
    motor.c                                  0x00000000   Number         0  motor.o ABSOLUTE
    src/startup_stm32l476xx.s                0x00000000   Number         0  startup_stm32l476xx.o ABSOLUTE
    RESET                                    0x08000000   Section      392  startup_stm32l476xx.o(RESET)
    !!!main                                  0x08000188   Section        8  __main.o(!!!main)
    !!!scatter                               0x08000190   Section       52  __scatter.o(!!!scatter)
    !!handler_copy                           0x080001c4   Section       26  __scatter_copy.o(!!handler_copy)
    !!handler_zi                             0x080001e0   Section       28  __scatter_zi.o(!!handler_zi)
    .ARM.Collect$$libinit$$00000000          0x080001fc   Section        2  libinit.o(.ARM.Collect$$libinit$$00000000)
    .ARM.Collect$$libinit$$00000001          0x080001fe   Section        4  libinit2.o(.ARM.Collect$$libinit$$00000001)
    .ARM.Collect$$libinit$$00000004          0x08000202   Section        0  libinit2.o(.ARM.Collect$$libinit$$00000004)
    .ARM.Collect$$libinit$$00000006          0x08000202   Section        0  libinit2.o(.ARM.Collect$$libinit$$00000006)
    .ARM.Collect$$libinit$$0000000C          0x08000202   Section        0  libinit2.o(.ARM.Collect$$libinit$$0000000C)
    .ARM.Collect$$libinit$$0000000E          0x08000202   Section        0  libinit2.o(.ARM.Collect$$libinit$$0000000E)
    .ARM.Collect$$libinit$$00000010          0x08000202   Section        0  libinit2.o(.ARM.Collect$$libinit$$00000010)
    .ARM.Collect$$libinit$$00000013          0x08000202   Section        0  libinit2.o(.ARM.Collect$$libinit$$00000013)
    .ARM.Collect$$libinit$$00000015          0x08000202   Section        0  libinit2.o(.ARM.Collect$$libinit$$00000015)
    .ARM.Collect$$libinit$$00000017          0x08000202   Section        0  libinit2.o(.ARM.Collect$$libinit$$00000017)
    .ARM.Collect$$libinit$$00000019          0x08000202   Section        0  libinit2.o(.ARM.Collect$$libinit$$00000019)
    .ARM.Collect$$libinit$$0000001B          0x08000202   Section        0  libinit2.o(.ARM.Collect$$libinit$$0000001B)
    .ARM.Collect$$libinit$$0000001D          0x08000202   Section        0  libinit2.o(.ARM.Collect$$libinit$$0000001D)
    .ARM.Collect$$libinit$$0000001F          0x08000202   Section        0  libinit2.o(.ARM.Collect$$libinit$$0000001F)
    .ARM.Collect$$libinit$$00000021          0x08000202   Section        0  libinit2.o(.ARM.Collect$$libinit$$00000021)
    .ARM.Collect$$libinit$$00000023          0x08000202   Section        0  libinit2.o(.ARM.Collect$$libinit$$00000023)
    .ARM.Collect$$libinit$$00000025          0x08000202   Section        0  libinit2.o(.ARM.Collect$$libinit$$00000025)
    .ARM.Collect$$libinit$$00000027          0x08000202   Section        0  libinit2.o(.ARM.Collect$$libinit$$00000027)
    .ARM.Collect$$libinit$$0000002E          0x08000202   Section        0  libinit2.o(.ARM.Collect$$libinit$$0000002E)
    .ARM.Collect$$libinit$$00000030          0x08000202   Section        0  libinit2.o(.ARM.Collect$$libinit$$00000030)
    .ARM.Collect$$libinit$$00000032          0x08000202   Section        0  libinit2.o(.ARM.Collect$$libinit$$00000032)
    .ARM.Collect$$libinit$$00000034          0x08000202   Section        0  libinit2.o(.ARM.Collect$$libinit$$00000034)
    .ARM.Collect$$libinit$$00000035          0x08000202   Section        2  libinit2.o(.ARM.Collect$$libinit$$00000035)
    .ARM.Collect$$libshutdown$$00000000      0x08000204   Section        2  libshutdown.o(.ARM.Collect$$libshutdown$$00000000)
    .ARM.Collect$$libshutdown$$00000002      0x08000206   Section        0  libshutdown2.o(.ARM.Collect$$libshutdown$$00000002)
    .ARM.Collect$$libshutdown$$00000004      0x08000206   Section        0  libshutdown2.o(.ARM.Collect$$libshutdown$$00000004)
    .ARM.Collect$$libshutdown$$00000007      0x08000206   Section        0  libshutdown2.o(.ARM.Collect$$libshutdown$$00000007)
    .ARM.Collect$$libshutdown$$0000000A      0x08000206   Section        0  libshutdown2.o(.ARM.Collect$$libshutdown$$0000000A)
    .ARM.Collect$$libshutdown$$0000000C      0x08000206   Section        0  libshutdown2.o(.ARM.Collect$$libshutdown$$0000000C)
    .ARM.Collect$$libshutdown$$0000000F      0x08000206   Section        0  libshutdown2.o(.ARM.Collect$$libshutdown$$0000000F)
    .ARM.Collect$$libshutdown$$00000010      0x08000206   Section        2  libshutdown2.o(.ARM.Collect$$libshutdown$$00000010)
    .ARM.Collect$$rtentry$$00000000          0x08000208   Section        0  __rtentry.o(.ARM.Collect$$rtentry$$00000000)
    .ARM.Collect$$rtentry$$00000002          0x08000208   Section        0  __rtentry2.o(.ARM.Collect$$rtentry$$00000002)
    .ARM.Collect$$rtentry$$00000004          0x08000208   Section        6  __rtentry4.o(.ARM.Collect$$rtentry$$00000004)
    .ARM.Collect$$rtentry$$00000009          0x0800020e   Section        0  __rtentry2.o(.ARM.Collect$$rtentry$$00000009)
    .ARM.Collect$$rtentry$$0000000A          0x0800020e   Section        4  __rtentry2.o(.ARM.Collect$$rtentry$$0000000A)
    .ARM.Collect$$rtentry$$0000000C          0x08000212   Section        0  __rtentry2.o(.ARM.Collect$$rtentry$$0000000C)
    .ARM.Collect$$rtentry$$0000000D          0x08000212   Section        8  __rtentry2.o(.ARM.Collect$$rtentry$$0000000D)
    .ARM.Collect$$rtexit$$00000000           0x0800021a   Section        2  rtexit.o(.ARM.Collect$$rtexit$$00000000)
    .ARM.Collect$$rtexit$$00000002           0x0800021c   Section        0  rtexit2.o(.ARM.Collect$$rtexit$$00000002)
    .ARM.Collect$$rtexit$$00000003           0x0800021c   Section        4  rtexit2.o(.ARM.Collect$$rtexit$$00000003)
    .ARM.Collect$$rtexit$$00000004           0x08000220   Section        6  rtexit2.o(.ARM.Collect$$rtexit$$00000004)
    $v0                                      0x08000228   Number         0  startup_stm32l476xx.o(.text)
    .text                                    0x08000228   Section      140  startup_stm32l476xx.o(.text)
    .text                                    0x080002b4   Section        0  abs.o(.text)
    .text                                    0x080002bc   Section        0  heapauxi.o(.text)
    .text                                    0x080002c2   Section       74  sys_stackheap_outer.o(.text)
    .text                                    0x0800030c   Section        0  exit.o(.text)
    .text                                    0x08000320   Section        8  libspace.o(.text)
    .text                                    0x08000328   Section        0  sys_exit.o(.text)
    .text                                    0x08000334   Section        2  use_no_semi.o(.text)
    .text                                    0x08000336   Section        0  indicate_semi.o(.text)
    [Anonymous Symbol]                       0x08000338   Section        0  my_ili9341.o(.text.ILI9341_DrawPixel)
    [Anonymous Symbol]                       0x0800036c   Section        0  my_ili9341.o(.text.ILI9341_Fill)
    [Anonymous Symbol]                       0x08000408   Section        0  my_ili9341.o(.text.ILI9341_Fill_Rect)
    [Anonymous Symbol]                       0x0800047c   Section        0  my_ili9341.o(.text.ILI9341_Init)
    [Anonymous Symbol]                       0x080006bc   Section        0  my_ili9341.o(.text.ILI9341_SendCommand)
    [Anonymous Symbol]                       0x0800073c   Section        0  my_ili9341.o(.text.ILI9341_SendData)
    [Anonymous Symbol]                       0x080007bc   Section        0  my_ili9341.o(.text.ILI9341_SetCursorPosition)
    [Anonymous Symbol]                       0x08000828   Section        0  my_ili9341.o(.text.ILI9341_drawChar)
    [Anonymous Symbol]                       0x08000a7c   Section        0  my_ili9341.o(.text.ILI9341_drawFastVLine)
    [Anonymous Symbol]                       0x08000ab8   Section        0  my_ili9341.o(.text.ILI9341_drawLine)
    [Anonymous Symbol]                       0x08000c50   Section        0  my_ili9341.o(.text.ILI9341_fillCircle)
    [Anonymous Symbol]                       0x08000ca8   Section        0  my_ili9341.o(.text.ILI9341_setRotation)
    [Anonymous Symbol]                       0x08000d50   Section        0  spi.o(.text.SPI1_GPIO_Init)
    [Anonymous Symbol]                       0x08000dc8   Section        0  spi.o(.text.SPI1_Init)
    [Anonymous Symbol]                       0x08000e9c   Section        0  spi.o(.text.SPI2_Init)
    [Anonymous Symbol]                       0x08000f70   Section        0  spi.o(.text.SPI_Delay)
    [Anonymous Symbol]                       0x08000fac   Section        0  my_ili9341.o(.text.SPI_Transmit)
    [Anonymous Symbol]                       0x08000fc8   Section        0  spi.o(.text.SPI_Write)
    [Anonymous Symbol]                       0x08001020   Section        0  systimer.o(.text.SysTick_Handler)
    [Anonymous Symbol]                       0x08001030   Section        0  sysclock.o(.text.System_Clock_Init)
    [Anonymous Symbol]                       0x08001204   Section        0  main.o(.text.draw_keypad)
    fillCircleHelper                         0x0800137d   Thumb Code   386  my_ili9341.o(.text.fillCircleHelper)
    [Anonymous Symbol]                       0x0800137c   Section        0  my_ili9341.o(.text.fillCircleHelper)
    [Anonymous Symbol]                       0x08001500   Section        0  main.o(.text.main)
    $v0                                      0x08001576   Number         0  fpinit.o(x$fpl$fpinit)
    x$fpl$fpinit                             0x08001576   Section       26  fpinit.o(x$fpl$fpinit)
    font1                                    0x08001590   Data        1280  my_ili9341.o(.rodata.font1)
    [Anonymous Symbol]                       0x08001590   Section        0  my_ili9341.o(.rodata.font1)
    rotationNum                              0x20000000   Data           1  my_ili9341.o(.data.rotationNum)
    [Anonymous Symbol]                       0x20000000   Section        0  my_ili9341.o(.data.rotationNum)
    .bss                                     0x20000008   Section       96  libspace.o(.bss)
    _cp437                                   0x20000068   Data           1  my_ili9341.o(.bss._cp437)
    [Anonymous Symbol]                       0x20000068   Section        0  my_ili9341.o(.bss._cp437)
    lcdSPIhandle                             0x2000006c   Data           4  my_ili9341.o(.bss.lcdSPIhandle)
    [Anonymous Symbol]                       0x2000006c   Section        0  my_ili9341.o(.bss.lcdSPIhandle)
    state                                    0x20000074   Data           1  main.o(.bss.state)
    [Anonymous Symbol]                       0x20000074   Section        0  main.o(.bss.state)
    tftCS_GPIO                               0x20000078   Data           4  my_ili9341.o(.bss.tftCS_GPIO)
    [Anonymous Symbol]                       0x20000078   Section        0  my_ili9341.o(.bss.tftCS_GPIO)
    tftCS_PIN                                0x2000007c   Data           2  my_ili9341.o(.bss.tftCS_PIN)
    [Anonymous Symbol]                       0x2000007c   Section        0  my_ili9341.o(.bss.tftCS_PIN)
    tftDC_GPIO                               0x20000080   Data           4  my_ili9341.o(.bss.tftDC_GPIO)
    [Anonymous Symbol]                       0x20000080   Section        0  my_ili9341.o(.bss.tftDC_GPIO)
    tftDC_PIN                                0x20000084   Data           2  my_ili9341.o(.bss.tftDC_PIN)
    [Anonymous Symbol]                       0x20000084   Section        0  my_ili9341.o(.bss.tftDC_PIN)
    tftRESET_GPIO                            0x20000088   Data           4  my_ili9341.o(.bss.tftRESET_GPIO)
    [Anonymous Symbol]                       0x20000088   Section        0  my_ili9341.o(.bss.tftRESET_GPIO)
    tftRESET_PIN                             0x2000008c   Data           2  my_ili9341.o(.bss.tftRESET_PIN)
    [Anonymous Symbol]                       0x2000008c   Section        0  my_ili9341.o(.bss.tftRESET_PIN)
    Heap_Mem                                 0x20000090   Data         512  startup_stm32l476xx.o(HEAP)
    HEAP                                     0x20000090   Section      512  startup_stm32l476xx.o(HEAP)
    Stack_Mem                                0x20000290   Data        1024  startup_stm32l476xx.o(STACK)
    STACK                                    0x20000290   Section     1024  startup_stm32l476xx.o(STACK)
    __initial_sp                             0x20000690   Data           0  startup_stm32l476xx.o(STACK)

    Global Symbols

    Symbol Name                              Value     Ov Type        Size  Object(Section)

    BuildAttributes$$THM_ISAv4$E$P$D$K$B$S$7EM$VFPi3$EXTD16$VFPS$VFMA$PE$A:L22UL41UL21$X:L11$S22US41US21$IEEE1$IW$~IW$USESV6$~STKCKD$USESV7$~SHL$OSPACE$ROPI$EBA8$UX$STANDARDLIB$REQ8$PRES8$EABIv2 0x00000000   Number         0  anon$$obj.o ABSOLUTE
    Image$$ER_IROM1$$RW$$Length              0x00000000   Number         0  anon$$obj.o ABSOLUTE
    Image$$ER_IROM1$$ZI$$Length              0x00000000   Number         0  anon$$obj.o ABSOLUTE
    Image$$RW_IRAM1$$RO$$Length              0x00000000   Number         0  anon$$obj.o ABSOLUTE
    __ARM_exceptions_init                     - Undefined Weak Reference
    __alloca_initialize                       - Undefined Weak Reference
    __arm_preinit_                            - Undefined Weak Reference
    __arm_relocate_pie_                       - Undefined Weak Reference
    __cpp_initialize__aeabi_                  - Undefined Weak Reference
    __cxa_finalize                            - Undefined Weak Reference
    __rt_locale                               - Undefined Weak Reference
    __sigvec_lookup                           - Undefined Weak Reference
    _atexit_init                              - Undefined Weak Reference
    _call_atexit_fns                          - Undefined Weak Reference
    _clock_init                               - Undefined Weak Reference
    _fp_trap_init                             - Undefined Weak Reference
    _fp_trap_shutdown                         - Undefined Weak Reference
    _get_lc_collate                           - Undefined Weak Reference
    _get_lc_ctype                             - Undefined Weak Reference
    _get_lc_monetary                          - Undefined Weak Reference
    _get_lc_numeric                           - Undefined Weak Reference
    _get_lc_time                              - Undefined Weak Reference
    _getenv_init                              - Undefined Weak Reference
    _handle_redirection                       - Undefined Weak Reference
    _init_alloc                               - Undefined Weak Reference
    _init_user_alloc                          - Undefined Weak Reference
    _initio                                   - Undefined Weak Reference
    _rand_init                                - Undefined Weak Reference
    _signal_finish                            - Undefined Weak Reference
    _signal_init                              - Undefined Weak Reference
    _terminate_alloc                          - Undefined Weak Reference
    _terminate_user_alloc                     - Undefined Weak Reference
    _terminateio                              - Undefined Weak Reference
    Image$$RW_IRAM1$$Length                  0x00000008   Number         0  anon$$obj.o ABSOLUTE
    Image$$RW_IRAM1$$RW$$Length              0x00000008   Number         0  anon$$obj.o ABSOLUTE
    __Vectors_Size                           0x00000188   Number         0  startup_stm32l476xx.o ABSOLUTE
    Image$$RW_IRAM1$$ZI$$Length              0x00000688   Number         0  anon$$obj.o ABSOLUTE
    Image$$ER_IROM1$$RO$$Length              0x00001ab0   Number         0  anon$$obj.o ABSOLUTE
    Image$$ER_IROM1$$RO$$Base                0x08000000   Number         0  anon$$obj.o ABSOLUTE
    Load$$ER_IROM1$$Base                     0x08000000   Number         0  anon$$obj.o ABSOLUTE
    __Vectors                                0x08000000   Data           4  startup_stm32l476xx.o(RESET)
    __Vectors_End                            0x08000188   Data           0  startup_stm32l476xx.o(RESET)
    __main                                   0x08000189   Thumb Code     8  __main.o(!!!main)
    __scatterload                            0x08000191   Thumb Code     0  __scatter.o(!!!scatter)
    __scatterload_rt2                        0x08000191   Thumb Code    44  __scatter.o(!!!scatter)
    __scatterload_rt2_thumb_only             0x08000191   Thumb Code     0  __scatter.o(!!!scatter)
    __scatterload_null                       0x0800019f   Thumb Code     0  __scatter.o(!!!scatter)
    __scatterload_copy                       0x080001c5   Thumb Code    26  __scatter_copy.o(!!handler_copy)
    __scatterload_zeroinit                   0x080001e1   Thumb Code    28  __scatter_zi.o(!!handler_zi)
    __rt_lib_init                            0x080001fd   Thumb Code     0  libinit.o(.ARM.Collect$$libinit$$00000000)
    __rt_lib_init_fp_1                       0x080001ff   Thumb Code     0  libinit2.o(.ARM.Collect$$libinit$$00000001)
    __rt_lib_init_alloca_1                   0x08000203   Thumb Code     0  libinit2.o(.ARM.Collect$$libinit$$00000030)
    __rt_lib_init_argv_1                     0x08000203   Thumb Code     0  libinit2.o(.ARM.Collect$$libinit$$0000002E)
    __rt_lib_init_atexit_1                   0x08000203   Thumb Code     0  libinit2.o(.ARM.Collect$$libinit$$0000001D)
    __rt_lib_init_clock_1                    0x08000203   Thumb Code     0  libinit2.o(.ARM.Collect$$libinit$$00000023)
    __rt_lib_init_cpp_1                      0x08000203   Thumb Code     0  libinit2.o(.ARM.Collect$$libinit$$00000034)
    __rt_lib_init_exceptions_1               0x08000203   Thumb Code     0  libinit2.o(.ARM.Collect$$libinit$$00000032)
    __rt_lib_init_fp_trap_1                  0x08000203   Thumb Code     0  libinit2.o(.ARM.Collect$$libinit$$00000021)
    __rt_lib_init_getenv_1                   0x08000203   Thumb Code     0  libinit2.o(.ARM.Collect$$libinit$$00000025)
    __rt_lib_init_heap_1                     0x08000203   Thumb Code     0  libinit2.o(.ARM.Collect$$libinit$$0000000C)
    __rt_lib_init_lc_collate_1               0x08000203   Thumb Code     0  libinit2.o(.ARM.Collect$$libinit$$00000013)
    __rt_lib_init_lc_ctype_1                 0x08000203   Thumb Code     0  libinit2.o(.ARM.Collect$$libinit$$00000015)
    __rt_lib_init_lc_monetary_1              0x08000203   Thumb Code     0  libinit2.o(.ARM.Collect$$libinit$$00000017)
    __rt_lib_init_lc_numeric_1               0x08000203   Thumb Code     0  libinit2.o(.ARM.Collect$$libinit$$00000019)
    __rt_lib_init_lc_time_1                  0x08000203   Thumb Code     0  libinit2.o(.ARM.Collect$$libinit$$0000001B)
    __rt_lib_init_preinit_1                  0x08000203   Thumb Code     0  libinit2.o(.ARM.Collect$$libinit$$00000006)
    __rt_lib_init_rand_1                     0x08000203   Thumb Code     0  libinit2.o(.ARM.Collect$$libinit$$00000010)
    __rt_lib_init_relocate_pie_1             0x08000203   Thumb Code     0  libinit2.o(.ARM.Collect$$libinit$$00000004)
    __rt_lib_init_return                     0x08000203   Thumb Code     0  libinit2.o(.ARM.Collect$$libinit$$00000035)
    __rt_lib_init_signal_1                   0x08000203   Thumb Code     0  libinit2.o(.ARM.Collect$$libinit$$0000001F)
    __rt_lib_init_stdio_1                    0x08000203   Thumb Code     0  libinit2.o(.ARM.Collect$$libinit$$00000027)
    __rt_lib_init_user_alloc_1               0x08000203   Thumb Code     0  libinit2.o(.ARM.Collect$$libinit$$0000000E)
    __rt_lib_shutdown                        0x08000205   Thumb Code     0  libshutdown.o(.ARM.Collect$$libshutdown$$00000000)
    __rt_lib_shutdown_cpp_1                  0x08000207   Thumb Code     0  libshutdown2.o(.ARM.Collect$$libshutdown$$00000002)
    __rt_lib_shutdown_fp_trap_1              0x08000207   Thumb Code     0  libshutdown2.o(.ARM.Collect$$libshutdown$$00000007)
    __rt_lib_shutdown_heap_1                 0x08000207   Thumb Code     0  libshutdown2.o(.ARM.Collect$$libshutdown$$0000000F)
    __rt_lib_shutdown_return                 0x08000207   Thumb Code     0  libshutdown2.o(.ARM.Collect$$libshutdown$$00000010)
    __rt_lib_shutdown_signal_1               0x08000207   Thumb Code     0  libshutdown2.o(.ARM.Collect$$libshutdown$$0000000A)
    __rt_lib_shutdown_stdio_1                0x08000207   Thumb Code     0  libshutdown2.o(.ARM.Collect$$libshutdown$$00000004)
    __rt_lib_shutdown_user_alloc_1           0x08000207   Thumb Code     0  libshutdown2.o(.ARM.Collect$$libshutdown$$0000000C)
    __rt_entry                               0x08000209   Thumb Code     0  __rtentry.o(.ARM.Collect$$rtentry$$00000000)
    __rt_entry_presh_1                       0x08000209   Thumb Code     0  __rtentry2.o(.ARM.Collect$$rtentry$$00000002)
    __rt_entry_sh                            0x08000209   Thumb Code     0  __rtentry4.o(.ARM.Collect$$rtentry$$00000004)
    __rt_entry_li                            0x0800020f   Thumb Code     0  __rtentry2.o(.ARM.Collect$$rtentry$$0000000A)
    __rt_entry_postsh_1                      0x0800020f   Thumb Code     0  __rtentry2.o(.ARM.Collect$$rtentry$$00000009)
    __rt_entry_main                          0x08000213   Thumb Code     0  __rtentry2.o(.ARM.Collect$$rtentry$$0000000D)
    __rt_entry_postli_1                      0x08000213   Thumb Code     0  __rtentry2.o(.ARM.Collect$$rtentry$$0000000C)
    __rt_exit                                0x0800021b   Thumb Code     0  rtexit.o(.ARM.Collect$$rtexit$$00000000)
    __rt_exit_ls                             0x0800021d   Thumb Code     0  rtexit2.o(.ARM.Collect$$rtexit$$00000003)
    __rt_exit_prels_1                        0x0800021d   Thumb Code     0  rtexit2.o(.ARM.Collect$$rtexit$$00000002)
    __rt_exit_exit                           0x08000221   Thumb Code     0  rtexit2.o(.ARM.Collect$$rtexit$$00000004)
    Reset_Handler                            0x08000229   Thumb Code    62  startup_stm32l476xx.o(.text)
    NMI_Handler                              0x08000267   Thumb Code     2  startup_stm32l476xx.o(.text)
    HardFault_Handler                        0x08000269   Thumb Code     2  startup_stm32l476xx.o(.text)
    MemManage_Handler                        0x0800026b   Thumb Code     2  startup_stm32l476xx.o(.text)
    BusFault_Handler                         0x0800026d   Thumb Code     2  startup_stm32l476xx.o(.text)
    UsageFault_Handler                       0x0800026f   Thumb Code     2  startup_stm32l476xx.o(.text)
    SVC_Handler                              0x08000271   Thumb Code     2  startup_stm32l476xx.o(.text)
    DebugMon_Handler                         0x08000273   Thumb Code     2  startup_stm32l476xx.o(.text)
    PendSV_Handler                           0x08000275   Thumb Code     2  startup_stm32l476xx.o(.text)
    ADC1_2_IRQHandler                        0x08000279   Thumb Code     0  startup_stm32l476xx.o(.text)
    ADC3_IRQHandler                          0x08000279   Thumb Code     0  startup_stm32l476xx.o(.text)
    CAN1_RX0_IRQHandler                      0x08000279   Thumb Code     0  startup_stm32l476xx.o(.text)
    CAN1_RX1_IRQHandler                      0x08000279   Thumb Code     0  startup_stm32l476xx.o(.text)
    CAN1_SCE_IRQHandler                      0x08000279   Thumb Code     0  startup_stm32l476xx.o(.text)
    CAN1_TX_IRQHandler                       0x08000279   Thumb Code     0  startup_stm32l476xx.o(.text)
    COMP_IRQHandler                          0x08000279   Thumb Code     0  startup_stm32l476xx.o(.text)
    DFSDM0_IRQHandler                        0x08000279   Thumb Code     0  startup_stm32l476xx.o(.text)
    DFSDM1_IRQHandler                        0x08000279   Thumb Code     0  startup_stm32l476xx.o(.text)
    DFSDM2_IRQHandler                        0x08000279   Thumb Code     0  startup_stm32l476xx.o(.text)
    DFSDM3_IRQHandler                        0x08000279   Thumb Code     0  startup_stm32l476xx.o(.text)
    DMA1_Channel1_IRQHandler                 0x08000279   Thumb Code     0  startup_stm32l476xx.o(.text)
    DMA1_Channel2_IRQHandler                 0x08000279   Thumb Code     0  startup_stm32l476xx.o(.text)
    DMA1_Channel3_IRQHandler                 0x08000279   Thumb Code     0  startup_stm32l476xx.o(.text)
    DMA1_Channel4_IRQHandler                 0x08000279   Thumb Code     0  startup_stm32l476xx.o(.text)
    DMA1_Channel5_IRQHandler                 0x08000279   Thumb Code     0  startup_stm32l476xx.o(.text)
    DMA1_Channel6_IRQHandler                 0x08000279   Thumb Code     0  startup_stm32l476xx.o(.text)
    DMA1_Channel7_IRQHandler                 0x08000279   Thumb Code     0  startup_stm32l476xx.o(.text)
    DMA2_Channel1_IRQHandler                 0x08000279   Thumb Code     0  startup_stm32l476xx.o(.text)
    DMA2_Channel2_IRQHandler                 0x08000279   Thumb Code     0  startup_stm32l476xx.o(.text)
    DMA2_Channel3_IRQHandler                 0x08000279   Thumb Code     0  startup_stm32l476xx.o(.text)
    DMA2_Channel4_IRQHandler                 0x08000279   Thumb Code     0  startup_stm32l476xx.o(.text)
    DMA2_Channel5_IRQHandler                 0x08000279   Thumb Code     0  startup_stm32l476xx.o(.text)
    DMA2_Channel6_IRQHandler                 0x08000279   Thumb Code     0  startup_stm32l476xx.o(.text)
    DMA2_Channel7_IRQHandler                 0x08000279   Thumb Code     0  startup_stm32l476xx.o(.text)
    EXTI0_IRQHandler                         0x08000279   Thumb Code     0  startup_stm32l476xx.o(.text)
    EXTI15_10_IRQHandler                     0x08000279   Thumb Code     0  startup_stm32l476xx.o(.text)
    EXTI1_IRQHandler                         0x08000279   Thumb Code     0  startup_stm32l476xx.o(.text)
    EXTI2_IRQHandler                         0x08000279   Thumb Code     0  startup_stm32l476xx.o(.text)
    EXTI3_IRQHandler                         0x08000279   Thumb Code     0  startup_stm32l476xx.o(.text)
    EXTI4_IRQHandler                         0x08000279   Thumb Code     0  startup_stm32l476xx.o(.text)
    EXTI9_5_IRQHandler                       0x08000279   Thumb Code     0  startup_stm32l476xx.o(.text)
    FLASH_IRQHandler                         0x08000279   Thumb Code     0  startup_stm32l476xx.o(.text)
    FMC_IRQHandler                           0x08000279   Thumb Code     0  startup_stm32l476xx.o(.text)
    FPU_IRQHandler                           0x08000279   Thumb Code     0  startup_stm32l476xx.o(.text)
    I2C1_ER_IRQHandler                       0x08000279   Thumb Code     0  startup_stm32l476xx.o(.text)
    I2C1_EV_IRQHandler                       0x08000279   Thumb Code     0  startup_stm32l476xx.o(.text)
    I2C2_ER_IRQHandler                       0x08000279   Thumb Code     0  startup_stm32l476xx.o(.text)
    I2C2_EV_IRQHandler                       0x08000279   Thumb Code     0  startup_stm32l476xx.o(.text)
    I2C3_ER_IRQHandler                       0x08000279   Thumb Code     0  startup_stm32l476xx.o(.text)
    I2C3_EV_IRQHandler                       0x08000279   Thumb Code     0  startup_stm32l476xx.o(.text)
    LCD_IRQHandler                           0x08000279   Thumb Code     0  startup_stm32l476xx.o(.text)
    LPTIM1_IRQHandler                        0x08000279   Thumb Code     0  startup_stm32l476xx.o(.text)
    LPTIM2_IRQHandler                        0x08000279   Thumb Code     0  startup_stm32l476xx.o(.text)
    LPUART1_IRQHandler                       0x08000279   Thumb Code     0  startup_stm32l476xx.o(.text)
    OTG_FS_IRQHandler                        0x08000279   Thumb Code     0  startup_stm32l476xx.o(.text)
    PVD_PVM_IRQHandler                       0x08000279   Thumb Code     0  startup_stm32l476xx.o(.text)
    QUADSPI_IRQHandler                       0x08000279   Thumb Code     0  startup_stm32l476xx.o(.text)
    RCC_IRQHandler                           0x08000279   Thumb Code     0  startup_stm32l476xx.o(.text)
    RNG_IRQHandler                           0x08000279   Thumb Code     0  startup_stm32l476xx.o(.text)
    RTC_Alarm_IRQHandler                     0x08000279   Thumb Code     0  startup_stm32l476xx.o(.text)
    RTC_WKUP_IRQHandler                      0x08000279   Thumb Code     0  startup_stm32l476xx.o(.text)
    SAI1_IRQHandler                          0x08000279   Thumb Code     0  startup_stm32l476xx.o(.text)
    SAI2_IRQHandler                          0x08000279   Thumb Code     0  startup_stm32l476xx.o(.text)
    SDMMC1_IRQHandler                        0x08000279   Thumb Code     0  startup_stm32l476xx.o(.text)
    SPI1_IRQHandler                          0x08000279   Thumb Code     0  startup_stm32l476xx.o(.text)
    SPI2_IRQHandler                          0x08000279   Thumb Code     0  startup_stm32l476xx.o(.text)
    SPI3_IRQHandler                          0x08000279   Thumb Code     0  startup_stm32l476xx.o(.text)
    SWPMI1_IRQHandler                        0x08000279   Thumb Code     0  startup_stm32l476xx.o(.text)
    TAMP_STAMP_IRQHandler                    0x08000279   Thumb Code     0  startup_stm32l476xx.o(.text)
    TIM1_BRK_TIM15_IRQHandler                0x08000279   Thumb Code     0  startup_stm32l476xx.o(.text)
    TIM1_CC_IRQHandler                       0x08000279   Thumb Code     0  startup_stm32l476xx.o(.text)
    TIM1_TRG_COM_TIM17_IRQHandler            0x08000279   Thumb Code     0  startup_stm32l476xx.o(.text)
    TIM1_UP_TIM16_IRQHandler                 0x08000279   Thumb Code     0  startup_stm32l476xx.o(.text)
    TIM2_IRQHandler                          0x08000279   Thumb Code     0  startup_stm32l476xx.o(.text)
    TIM3_IRQHandler                          0x08000279   Thumb Code     0  startup_stm32l476xx.o(.text)
    TIM4_IRQHandler                          0x08000279   Thumb Code     0  startup_stm32l476xx.o(.text)
    TIM5_IRQHandler                          0x08000279   Thumb Code     0  startup_stm32l476xx.o(.text)
    TIM6_DAC_IRQHandler                      0x08000279   Thumb Code     0  startup_stm32l476xx.o(.text)
    TIM7_IRQHandler                          0x08000279   Thumb Code     0  startup_stm32l476xx.o(.text)
    TIM8_BRK_IRQHandler                      0x08000279   Thumb Code     0  startup_stm32l476xx.o(.text)
    TIM8_CC_IRQHandler                       0x08000279   Thumb Code     0  startup_stm32l476xx.o(.text)
    TIM8_TRG_COM_IRQHandler                  0x08000279   Thumb Code     0  startup_stm32l476xx.o(.text)
    TIM8_UP_IRQHandler                       0x08000279   Thumb Code     0  startup_stm32l476xx.o(.text)
    TSC_IRQHandler                           0x08000279   Thumb Code     0  startup_stm32l476xx.o(.text)
    UART4_IRQHandler                         0x08000279   Thumb Code     0  startup_stm32l476xx.o(.text)
    UART5_IRQHandler                         0x08000279   Thumb Code     0  startup_stm32l476xx.o(.text)
    USART1_IRQHandler                        0x08000279   Thumb Code     0  startup_stm32l476xx.o(.text)
    USART2_IRQHandler                        0x08000279   Thumb Code     0  startup_stm32l476xx.o(.text)
    USART3_IRQHandler                        0x08000279   Thumb Code     0  startup_stm32l476xx.o(.text)
    WWDG_IRQHandler                          0x08000279   Thumb Code     0  startup_stm32l476xx.o(.text)
    __user_initial_stackheap                 0x0800027d   Thumb Code     0  startup_stm32l476xx.o(.text)
    abs                                      0x080002b5   Thumb Code     8  abs.o(.text)
    __use_two_region_memory                  0x080002bd   Thumb Code     2  heapauxi.o(.text)
    __rt_heap_escrow$2region                 0x080002bf   Thumb Code     2  heapauxi.o(.text)
    __rt_heap_expand$2region                 0x080002c1   Thumb Code     2  heapauxi.o(.text)
    __user_setup_stackheap                   0x080002c3   Thumb Code    74  sys_stackheap_outer.o(.text)
    exit                                     0x0800030d   Thumb Code    18  exit.o(.text)
    __user_libspace                          0x08000321   Thumb Code     8  libspace.o(.text)
    __user_perproc_libspace                  0x08000321   Thumb Code     0  libspace.o(.text)
    __user_perthread_libspace                0x08000321   Thumb Code     0  libspace.o(.text)
    _sys_exit                                0x08000329   Thumb Code     8  sys_exit.o(.text)
    __I$use$semihosting                      0x08000335   Thumb Code     0  use_no_semi.o(.text)
    __use_no_semihosting_swi                 0x08000335   Thumb Code     2  use_no_semi.o(.text)
    __semihosting_library_function           0x08000337   Thumb Code     0  indicate_semi.o(.text)
    ILI9341_DrawPixel                        0x08000339   Thumb Code    52  my_ili9341.o(.text.ILI9341_DrawPixel)
    ILI9341_Fill                             0x0800036d   Thumb Code   154  my_ili9341.o(.text.ILI9341_Fill)
    ILI9341_Fill_Rect                        0x08000409   Thumb Code   116  my_ili9341.o(.text.ILI9341_Fill_Rect)
    ILI9341_Init                             0x0800047d   Thumb Code   576  my_ili9341.o(.text.ILI9341_Init)
    ILI9341_SendCommand                      0x080006bd   Thumb Code   126  my_ili9341.o(.text.ILI9341_SendCommand)
    ILI9341_SendData                         0x0800073d   Thumb Code   126  my_ili9341.o(.text.ILI9341_SendData)
    ILI9341_SetCursorPosition                0x080007bd   Thumb Code   106  my_ili9341.o(.text.ILI9341_SetCursorPosition)
    ILI9341_drawChar                         0x08000829   Thumb Code   596  my_ili9341.o(.text.ILI9341_drawChar)
    ILI9341_drawFastVLine                    0x08000a7d   Thumb Code    58  my_ili9341.o(.text.ILI9341_drawFastVLine)
    ILI9341_drawLine                         0x08000ab9   Thumb Code   408  my_ili9341.o(.text.ILI9341_drawLine)
    ILI9341_fillCircle                       0x08000c51   Thumb Code    88  my_ili9341.o(.text.ILI9341_fillCircle)
    ILI9341_setRotation                      0x08000ca9   Thumb Code   166  my_ili9341.o(.text.ILI9341_setRotation)
    SPI1_GPIO_Init                           0x08000d51   Thumb Code   120  spi.o(.text.SPI1_GPIO_Init)
    SPI1_Init                                0x08000dc9   Thumb Code   210  spi.o(.text.SPI1_Init)
    SPI2_Init                                0x08000e9d   Thumb Code   210  spi.o(.text.SPI2_Init)
    SPI_Delay                                0x08000f71   Thumb Code    58  spi.o(.text.SPI_Delay)
    SPI_Transmit                             0x08000fad   Thumb Code    28  my_ili9341.o(.text.SPI_Transmit)
    SPI_Write                                0x08000fc9   Thumb Code    86  spi.o(.text.SPI_Write)
    SysTick_Handler                          0x08001021   Thumb Code    16  systimer.o(.text.SysTick_Handler)
    System_Clock_Init                        0x08001031   Thumb Code   466  sysclock.o(.text.System_Clock_Init)
    draw_keypad                              0x08001205   Thumb Code   376  main.o(.text.draw_keypad)
    main                                     0x08001501   Thumb Code   118  main.o(.text.main)
    _fp_init                                 0x08001577   Thumb Code    26  fpinit.o(x$fpl$fpinit)
    __fplib_config_fpu_vfp                   0x0800158f   Thumb Code     0  fpinit.o(x$fpl$fpinit)
    __fplib_config_pureend_doubles           0x0800158f   Thumb Code     0  fpinit.o(x$fpl$fpinit)
    Region$$Table$$Base                      0x08001a90   Number         0  anon$$obj.o(Region$$Table)
    Image$$ER_IROM1$$RO$$Limit               0x08001ab0   Number         0  anon$$obj.o ABSOLUTE
    Image$$ER_IROM1$$RW$$Base                0x08001ab0   Number         0  anon$$obj.o ABSOLUTE
    Image$$ER_IROM1$$RW$$Limit               0x08001ab0   Number         0  anon$$obj.o ABSOLUTE
    Image$$ER_IROM1$$ZI$$Base                0x08001ab0   Number         0  anon$$obj.o ABSOLUTE
    Image$$ER_IROM1$$ZI$$Limit               0x08001ab0   Number         0  anon$$obj.o ABSOLUTE
    Load$$RW_IRAM1$$Base                     0x08001ab0   Number         0  anon$$obj.o ABSOLUTE
    Region$$Table$$Limit                     0x08001ab0   Number         0  anon$$obj.o(Region$$Table)
    Image$$RW_IRAM1$$Base                    0x20000000   Number         0  anon$$obj.o ABSOLUTE
    Image$$RW_IRAM1$$RO$$Base                0x20000000   Number         0  anon$$obj.o ABSOLUTE
    Image$$RW_IRAM1$$RW$$Base                0x20000000   Number         0  anon$$obj.o ABSOLUTE
    Image$$RW_IRAM1$$Limit                   0x20000008   Number         0  anon$$obj.o ABSOLUTE
    Image$$RW_IRAM1$$RW$$Limit               0x20000008   Number         0  anon$$obj.o ABSOLUTE
    Image$$RW_IRAM1$$ZI$$Base                0x20000008   Number         0  anon$$obj.o ABSOLUTE
    __libspace_start                         0x20000008   Data          96  libspace.o(.bss)
    __temporary_stack_top$libspace           0x20000068   Data           0  libspace.o(.bss)
    msTicks                                  0x20000070   Data           4  systimer.o(.bss.msTicks)
    Image$$RW_IRAM1$$ZI$$Limit               0x20000690   Number         0  anon$$obj.o ABSOLUTE



==============================================================================

Memory Map of the image

  Image Entry point : 0x08000189

  Load Region LR_IROM1 (Base: 0x08000000, Size: 0x00001ab8, Max: 0x00100000, ABSOLUTE)

    Execution Region ER_IROM1 (Exec base: 0x08000000, Load base: 0x08000000, Size: 0x00001ab0, Max: 0x00100000, ABSOLUTE)

    Exec Addr    Load Addr    Size         Type   Attr      Idx    E Section Name        Object

    0x08000000   0x08000000   0x00000188   Data   RO           16    RESET               startup_stm32l476xx.o
    0x08000188   0x08000188   0x00000008   Code   RO          244  * !!!main             c_w.l(__main.o)
    0x08000190   0x08000190   0x00000034   Code   RO          426    !!!scatter          c_w.l(__scatter.o)
    0x080001c4   0x080001c4   0x0000001a   Code   RO          428    !!handler_copy      c_w.l(__scatter_copy.o)
    0x080001de   0x080001de   0x00000002   PAD
    0x080001e0   0x080001e0   0x0000001c   Code   RO          430    !!handler_zi        c_w.l(__scatter_zi.o)
    0x080001fc   0x080001fc   0x00000002   Code   RO          288    .ARM.Collect$$libinit$$00000000  c_w.l(libinit.o)
    0x080001fe   0x080001fe   0x00000004   Code   RO          294    .ARM.Collect$$libinit$$00000001  c_w.l(libinit2.o)
    0x08000202   0x08000202   0x00000000   Code   RO          297    .ARM.Collect$$libinit$$00000004  c_w.l(libinit2.o)
    0x08000202   0x08000202   0x00000000   Code   RO          299    .ARM.Collect$$libinit$$00000006  c_w.l(libinit2.o)
    0x08000202   0x08000202   0x00000000   Code   RO          302    .ARM.Collect$$libinit$$0000000C  c_w.l(libinit2.o)
    0x08000202   0x08000202   0x00000000   Code   RO          304    .ARM.Collect$$libinit$$0000000E  c_w.l(libinit2.o)
    0x08000202   0x08000202   0x00000000   Code   RO          306    .ARM.Collect$$libinit$$00000010  c_w.l(libinit2.o)
    0x08000202   0x08000202   0x00000000   Code   RO          309    .ARM.Collect$$libinit$$00000013  c_w.l(libinit2.o)
    0x08000202   0x08000202   0x00000000   Code   RO          311    .ARM.Collect$$libinit$$00000015  c_w.l(libinit2.o)
    0x08000202   0x08000202   0x00000000   Code   RO          313    .ARM.Collect$$libinit$$00000017  c_w.l(libinit2.o)
    0x08000202   0x08000202   0x00000000   Code   RO          315    .ARM.Collect$$libinit$$00000019  c_w.l(libinit2.o)
    0x08000202   0x08000202   0x00000000   Code   RO          317    .ARM.Collect$$libinit$$0000001B  c_w.l(libinit2.o)
    0x08000202   0x08000202   0x00000000   Code   RO          319    .ARM.Collect$$libinit$$0000001D  c_w.l(libinit2.o)
    0x08000202   0x08000202   0x00000000   Code   RO          321    .ARM.Collect$$libinit$$0000001F  c_w.l(libinit2.o)
    0x08000202   0x08000202   0x00000000   Code   RO          323    .ARM.Collect$$libinit$$00000021  c_w.l(libinit2.o)
    0x08000202   0x08000202   0x00000000   Code   RO          325    .ARM.Collect$$libinit$$00000023  c_w.l(libinit2.o)
    0x08000202   0x08000202   0x00000000   Code   RO          327    .ARM.Collect$$libinit$$00000025  c_w.l(libinit2.o)
    0x08000202   0x08000202   0x00000000   Code   RO          329    .ARM.Collect$$libinit$$00000027  c_w.l(libinit2.o)
    0x08000202   0x08000202   0x00000000   Code   RO          333    .ARM.Collect$$libinit$$0000002E  c_w.l(libinit2.o)
    0x08000202   0x08000202   0x00000000   Code   RO          335    .ARM.Collect$$libinit$$00000030  c_w.l(libinit2.o)
    0x08000202   0x08000202   0x00000000   Code   RO          337    .ARM.Collect$$libinit$$00000032  c_w.l(libinit2.o)
    0x08000202   0x08000202   0x00000000   Code   RO          339    .ARM.Collect$$libinit$$00000034  c_w.l(libinit2.o)
    0x08000202   0x08000202   0x00000002   Code   RO          340    .ARM.Collect$$libinit$$00000035  c_w.l(libinit2.o)
    0x08000204   0x08000204   0x00000002   Code   RO          362    .ARM.Collect$$libshutdown$$00000000  c_w.l(libshutdown.o)
    0x08000206   0x08000206   0x00000000   Code   RO          377    .ARM.Collect$$libshutdown$$00000002  c_w.l(libshutdown2.o)
    0x08000206   0x08000206   0x00000000   Code   RO          379    .ARM.Collect$$libshutdown$$00000004  c_w.l(libshutdown2.o)
    0x08000206   0x08000206   0x00000000   Code   RO          382    .ARM.Collect$$libshutdown$$00000007  c_w.l(libshutdown2.o)
    0x08000206   0x08000206   0x00000000   Code   RO          385    .ARM.Collect$$libshutdown$$0000000A  c_w.l(libshutdown2.o)
    0x08000206   0x08000206   0x00000000   Code   RO          387    .ARM.Collect$$libshutdown$$0000000C  c_w.l(libshutdown2.o)
    0x08000206   0x08000206   0x00000000   Code   RO          390    .ARM.Collect$$libshutdown$$0000000F  c_w.l(libshutdown2.o)
    0x08000206   0x08000206   0x00000002   Code   RO          391    .ARM.Collect$$libshutdown$$00000010  c_w.l(libshutdown2.o)
    0x08000208   0x08000208   0x00000000   Code   RO          258    .ARM.Collect$$rtentry$$00000000  c_w.l(__rtentry.o)
    0x08000208   0x08000208   0x00000000   Code   RO          265    .ARM.Collect$$rtentry$$00000002  c_w.l(__rtentry2.o)
    0x08000208   0x08000208   0x00000006   Code   RO          277    .ARM.Collect$$rtentry$$00000004  c_w.l(__rtentry4.o)
    0x0800020e   0x0800020e   0x00000000   Code   RO          267    .ARM.Collect$$rtentry$$00000009  c_w.l(__rtentry2.o)
    0x0800020e   0x0800020e   0x00000004   Code   RO          268    .ARM.Collect$$rtentry$$0000000A  c_w.l(__rtentry2.o)
    0x08000212   0x08000212   0x00000000   Code   RO          270    .ARM.Collect$$rtentry$$0000000C  c_w.l(__rtentry2.o)
    0x08000212   0x08000212   0x00000008   Code   RO          271    .ARM.Collect$$rtentry$$0000000D  c_w.l(__rtentry2.o)
    0x0800021a   0x0800021a   0x00000002   Code   RO          292    .ARM.Collect$$rtexit$$00000000  c_w.l(rtexit.o)
    0x0800021c   0x0800021c   0x00000000   Code   RO          342    .ARM.Collect$$rtexit$$00000002  c_w.l(rtexit2.o)
    0x0800021c   0x0800021c   0x00000004   Code   RO          343    .ARM.Collect$$rtexit$$00000003  c_w.l(rtexit2.o)
    0x08000220   0x08000220   0x00000006   Code   RO          344    .ARM.Collect$$rtexit$$00000004  c_w.l(rtexit2.o)
    0x08000226   0x08000226   0x00000002   PAD
    0x08000228   0x08000228   0x0000008c   Code   RO           17    .text               startup_stm32l476xx.o
    0x080002b4   0x080002b4   0x00000008   Code   RO          240    .text               c_w.l(abs.o)
    0x080002bc   0x080002bc   0x00000006   Code   RO          242    .text               c_w.l(heapauxi.o)
    0x080002c2   0x080002c2   0x0000004a   Code   RO          279    .text               c_w.l(sys_stackheap_outer.o)
    0x0800030c   0x0800030c   0x00000012   Code   RO          281    .text               c_w.l(exit.o)
    0x0800031e   0x0800031e   0x00000002   PAD
    0x08000320   0x08000320   0x00000008   Code   RO          289    .text               c_w.l(libspace.o)
    0x08000328   0x08000328   0x0000000c   Code   RO          352    .text               c_w.l(sys_exit.o)
    0x08000334   0x08000334   0x00000002   Code   RO          367    .text               c_w.l(use_no_semi.o)
    0x08000336   0x08000336   0x00000000   Code   RO          369    .text               c_w.l(indicate_semi.o)
    0x08000336   0x08000336   0x00000002   PAD
    0x08000338   0x08000338   0x00000034   Code   RO           88    .text.ILI9341_DrawPixel  my_ili9341.o
    0x0800036c   0x0800036c   0x0000009a   Code   RO           90    .text.ILI9341_Fill  my_ili9341.o
    0x08000406   0x08000406   0x00000002   PAD
    0x08000408   0x08000408   0x00000074   Code   RO           92    .text.ILI9341_Fill_Rect  my_ili9341.o
    0x0800047c   0x0800047c   0x00000240   Code   RO           86    .text.ILI9341_Init  my_ili9341.o
    0x080006bc   0x080006bc   0x0000007e   Code   RO           78    .text.ILI9341_SendCommand  my_ili9341.o
    0x0800073a   0x0800073a   0x00000002   PAD
    0x0800073c   0x0800073c   0x0000007e   Code   RO           80    .text.ILI9341_SendData  my_ili9341.o
    0x080007ba   0x080007ba   0x00000002   PAD
    0x080007bc   0x080007bc   0x0000006a   Code   RO           84    .text.ILI9341_SetCursorPosition  my_ili9341.o
    0x08000826   0x08000826   0x00000002   PAD
    0x08000828   0x08000828   0x00000254   Code   RO          110    .text.ILI9341_drawChar  my_ili9341.o
    0x08000a7c   0x08000a7c   0x0000003a   Code   RO           98    .text.ILI9341_drawFastVLine  my_ili9341.o
    0x08000ab6   0x08000ab6   0x00000002   PAD
    0x08000ab8   0x08000ab8   0x00000198   Code   RO          102    .text.ILI9341_drawLine  my_ili9341.o
    0x08000c50   0x08000c50   0x00000058   Code   RO           96    .text.ILI9341_fillCircle  my_ili9341.o
    0x08000ca8   0x08000ca8   0x000000a6   Code   RO          116    .text.ILI9341_setRotation  my_ili9341.o
    0x08000d4e   0x08000d4e   0x00000002   PAD
    0x08000d50   0x08000d50   0x00000078   Code   RO           55    .text.SPI1_GPIO_Init  spi.o
    0x08000dc8   0x08000dc8   0x000000d2   Code   RO           59    .text.SPI1_Init     spi.o
    0x08000e9a   0x08000e9a   0x00000002   PAD
    0x08000e9c   0x08000e9c   0x000000d2   Code   RO           61    .text.SPI2_Init     spi.o
    0x08000f6e   0x08000f6e   0x00000002   PAD
    0x08000f70   0x08000f70   0x0000003a   Code   RO           67    .text.SPI_Delay     spi.o
    0x08000faa   0x08000faa   0x00000002   PAD
    0x08000fac   0x08000fac   0x0000001c   Code   RO           76    .text.SPI_Transmit  my_ili9341.o
    0x08000fc8   0x08000fc8   0x00000056   Code   RO           63    .text.SPI_Write     spi.o
    0x0800101e   0x0800101e   0x00000002   PAD
    0x08001020   0x08001020   0x00000010   Code   RO          143    .text.SysTick_Handler  systimer.o
    0x08001030   0x08001030   0x000001d2   Code   RO          176    .text.System_Clock_Init  sysclock.o
    0x08001202   0x08001202   0x00000002   PAD
    0x08001204   0x08001204   0x00000178   Code   RO            4    .text.draw_keypad   main.o
    0x0800137c   0x0800137c   0x00000182   Code   RO          100    .text.fillCircleHelper  my_ili9341.o
    0x080014fe   0x080014fe   0x00000002   PAD
    0x08001500   0x08001500   0x00000076   Code   RO            2    .text.main          main.o
    0x08001576   0x08001576   0x0000001a   Code   RO          350    x$fpl$fpinit        fz_wm.l(fpinit.o)
    0x08001590   0x08001590   0x00000500   Data   RO          129    .rodata.font1       my_ili9341.o
    0x08001a90   0x08001a90   0x00000020   Data   RO          425    Region$$Table       anon$$obj.o


    Execution Region RW_IRAM1 (Exec base: 0x20000000, Load base: 0x08001ab0, Size: 0x00000690, Max: 0x00018000, ABSOLUTE)

    Exec Addr    Load Addr    Size         Type   Attr      Idx    E Section Name        Object

    0x20000000   0x08001ab0   0x00000001   Data   RW          127    .data.rotationNum   my_ili9341.o
    0x20000001   0x08001ab1   0x00000007   PAD
    0x20000008        -       0x00000060   Zero   RW          290    .bss                c_w.l(libspace.o)
    0x20000068        -       0x00000001   Zero   RW          128    .bss._cp437         my_ili9341.o
    0x20000069   0x08001ab1   0x00000003   PAD
    0x2000006c        -       0x00000004   Zero   RW          124    .bss.lcdSPIhandle   my_ili9341.o
    0x20000070        -       0x00000004   Zero   RW          147    .bss.msTicks        systimer.o
    0x20000074        -       0x00000001   Zero   RW            6    .bss.state          main.o
    0x20000075   0x08001ab1   0x00000003   PAD
    0x20000078        -       0x00000004   Zero   RW          123    .bss.tftCS_GPIO     my_ili9341.o
    0x2000007c        -       0x00000002   Zero   RW          122    .bss.tftCS_PIN      my_ili9341.o
    0x2000007e   0x08001ab1   0x00000002   PAD
    0x20000080        -       0x00000004   Zero   RW          121    .bss.tftDC_GPIO     my_ili9341.o
    0x20000084        -       0x00000002   Zero   RW          120    .bss.tftDC_PIN      my_ili9341.o
    0x20000086   0x08001ab1   0x00000002   PAD
    0x20000088        -       0x00000004   Zero   RW          125    .bss.tftRESET_GPIO  my_ili9341.o
    0x2000008c        -       0x00000002   Zero   RW          126    .bss.tftRESET_PIN   my_ili9341.o
    0x2000008e   0x08001ab1   0x00000002   PAD
    0x20000090        -       0x00000200   Zero   RW           15    HEAP                startup_stm32l476xx.o
    0x20000290        -       0x00000400   Zero   RW           14    STACK               startup_stm32l476xx.o


==============================================================================

Image component sizes


      Code (inc. data)   RO Data    RW Data    ZI Data      Debug   Object Name

       494          4          0          0          1       1815   main.o
      2986          4       1280          1         23       9229   my_ili9341.o
       684          0          0          0          0       2938   spi.o
       140         48        392          0       1536        880   startup_stm32l476xx.o
       466          0          0          0          0       2091   sysclock.o
        16          0          0          0          4       4300   systimer.o

    ----------------------------------------------------------------------
      4810         56       1704          4       1580      21253   Object Totals
         0          0         32          0          0          0   (incl. Generated)
        24          0          0          3         16          0   (incl. Padding)

    ----------------------------------------------------------------------

      Code (inc. data)   RO Data    RW Data    ZI Data      Debug   Library Member Name

         8          0          0          0          0         68   __main.o
         0          0          0          0          0          0   __rtentry.o
        12          0          0          0          0          0   __rtentry2.o
         6          0          0          0          0          0   __rtentry4.o
        52          8          0          0          0          0   __scatter.o
        26          0          0          0          0          0   __scatter_copy.o
        28          0          0          0          0          0   __scatter_zi.o
         8          0          0          0          0         68   abs.o
        18          0          0          0          0         80   exit.o
         6          0          0          0          0        152   heapauxi.o
         0          0          0          0          0          0   indicate_semi.o
         2          0          0          0          0          0   libinit.o
         6          0          0          0          0          0   libinit2.o
         2          0          0          0          0          0   libshutdown.o
         2          0          0          0          0          0   libshutdown2.o
         8          4          0          0         96         68   libspace.o
         2          0          0          0          0          0   rtexit.o
        10          0          0          0          0          0   rtexit2.o
        12          4          0          0          0         68   sys_exit.o
        74          0          0          0          0         80   sys_stackheap_outer.o
         2          0          0          0          0         68   use_no_semi.o
        26          0          0          0          0        116   fpinit.o

    ----------------------------------------------------------------------
       318         16          0          0         96        768   Library Totals
         8          0          0          0          0          0   (incl. Padding)

    ----------------------------------------------------------------------

      Code (inc. data)   RO Data    RW Data    ZI Data      Debug   Library Name

       284         16          0          0         96        652   c_w.l
        26          0          0          0          0        116   fz_wm.l

    ----------------------------------------------------------------------
       318         16          0          0         96        768   Library Totals

    ----------------------------------------------------------------------

==============================================================================


      Code (inc. data)   RO Data    RW Data    ZI Data      Debug   

      5128         72       1704          4       1676      21733   Grand Totals
      5128         72       1704          4       1676      21733   ELF Image Totals
      5128         72       1704          4          0          0   ROM Totals

==============================================================================

    Total RO  Size (Code + RO Data)                 6832 (   6.67kB)
    Total RW  Size (RW Data + ZI Data)              1680 (   1.64kB)
    Total ROM Size (Code + RO Data + RW Data)       6836 (   6.68kB)

==============================================================================

